Archive member included to satisfy reference by file (symbol)

c:/progra~2/armgnu~1/12977f~1.2mp/bin/../lib/gcc/arm-none-eabi/12.2.1/thumb/v7e-m/nofp\libgcc.a(_arm_mulsf3.o)
                              CMakeFiles/TankWar.elf.dir/Core/Src/lever_control.c.obj (__aeabi_fmul)
c:/progra~2/armgnu~1/12977f~1.2mp/bin/../lib/gcc/arm-none-eabi/12.2.1/thumb/v7e-m/nofp\libgcc.a(_arm_addsubsf3.o)
                              CMakeFiles/TankWar.elf.dir/Core/Src/lever_control.c.obj (__aeabi_i2f)
c:/progra~2/armgnu~1/12977f~1.2mp/bin/../lib/gcc/arm-none-eabi/12.2.1/thumb/v7e-m/nofp\libgcc.a(_arm_cmpsf2.o)
                              CMakeFiles/TankWar.elf.dir/Core/Src/lever_control.c.obj (__aeabi_fcmple)
c:/progra~2/armgnu~1/12977f~1.2mp/bin/../lib/gcc/arm-none-eabi/12.2.1/thumb/v7e-m/nofp\libgcc.a(_arm_fixsfsi.o)
                              CMakeFiles/TankWar.elf.dir/Core/Src/lever_control.c.obj (__aeabi_f2iz)
c:/progra~2/armgnu~1/12977f~1.2mp/bin/../lib/gcc/arm-none-eabi/12.2.1/thumb/v7e-m/nofp\libgcc.a(_aeabi_uldivmod.o)
                              CMakeFiles/TankWar.elf.dir/Drivers/STM32G4xx_HAL_Driver/Src/stm32g4xx_hal_uart.c.obj (__aeabi_uldivmod)
c:/progra~2/armgnu~1/12977f~1.2mp/bin/../lib/gcc/arm-none-eabi/12.2.1/thumb/v7e-m/nofp\libgcc.a(_udivmoddi4.o)
                              c:/progra~2/armgnu~1/12977f~1.2mp/bin/../lib/gcc/arm-none-eabi/12.2.1/thumb/v7e-m/nofp\libgcc.a(_aeabi_uldivmod.o) (__udivmoddi4)
c:/progra~2/armgnu~1/12977f~1.2mp/bin/../lib/gcc/arm-none-eabi/12.2.1/thumb/v7e-m/nofp\libgcc.a(_dvmd_tls.o)
                              c:/progra~2/armgnu~1/12977f~1.2mp/bin/../lib/gcc/arm-none-eabi/12.2.1/thumb/v7e-m/nofp\libgcc.a(_aeabi_uldivmod.o) (__aeabi_ldiv0)
c:/progra~2/armgnu~1/12977f~1.2mp/bin/../lib/gcc/arm-none-eabi/12.2.1/thumb/v7e-m/nofp\libg.a(libc_a-exit.o)
                              c:/progra~2/armgnu~1/12977f~1.2mp/bin/../lib/gcc/arm-none-eabi/12.2.1/thumb/v7e-m/nofp/crt0.o (exit)
c:/progra~2/armgnu~1/12977f~1.2mp/bin/../lib/gcc/arm-none-eabi/12.2.1/thumb/v7e-m/nofp\libg.a(libc_a-malloc.o)
                              CMakeFiles/TankWar.elf.dir/Core/Src/map.c.obj (malloc)
c:/progra~2/armgnu~1/12977f~1.2mp/bin/../lib/gcc/arm-none-eabi/12.2.1/thumb/v7e-m/nofp\libg.a(libc_a-mallocr.o)
                              c:/progra~2/armgnu~1/12977f~1.2mp/bin/../lib/gcc/arm-none-eabi/12.2.1/thumb/v7e-m/nofp\libg.a(libc_a-malloc.o) (_malloc_r)
c:/progra~2/armgnu~1/12977f~1.2mp/bin/../lib/gcc/arm-none-eabi/12.2.1/thumb/v7e-m/nofp\libg.a(libc_a-mlock.o)
                              c:/progra~2/armgnu~1/12977f~1.2mp/bin/../lib/gcc/arm-none-eabi/12.2.1/thumb/v7e-m/nofp\libg.a(libc_a-mallocr.o) (__malloc_lock)
c:/progra~2/armgnu~1/12977f~1.2mp/bin/../lib/gcc/arm-none-eabi/12.2.1/thumb/v7e-m/nofp\libg.a(libc_a-findfp.o)
                              c:/progra~2/armgnu~1/12977f~1.2mp/bin/../lib/gcc/arm-none-eabi/12.2.1/thumb/v7e-m/nofp\libg.a(libc_a-exit.o) (__stdio_exit_handler)
c:/progra~2/armgnu~1/12977f~1.2mp/bin/../lib/gcc/arm-none-eabi/12.2.1/thumb/v7e-m/nofp\libg.a(libc_a-fwalk.o)
                              c:/progra~2/armgnu~1/12977f~1.2mp/bin/../lib/gcc/arm-none-eabi/12.2.1/thumb/v7e-m/nofp\libg.a(libc_a-findfp.o) (_fwalk_sglue)
c:/progra~2/armgnu~1/12977f~1.2mp/bin/../lib/gcc/arm-none-eabi/12.2.1/thumb/v7e-m/nofp\libg.a(libc_a-perror.o)
                              CMakeFiles/TankWar.elf.dir/Core/Src/bullet.c.obj (perror)
c:/progra~2/armgnu~1/12977f~1.2mp/bin/../lib/gcc/arm-none-eabi/12.2.1/thumb/v7e-m/nofp\libg.a(libc_a-printf.o)
                              CMakeFiles/TankWar.elf.dir/Core/Src/bullet.c.obj (printf)
c:/progra~2/armgnu~1/12977f~1.2mp/bin/../lib/gcc/arm-none-eabi/12.2.1/thumb/v7e-m/nofp\libg.a(libc_a-puts.o)
                              CMakeFiles/TankWar.elf.dir/Core/Src/Touch.c.obj (puts)
c:/progra~2/armgnu~1/12977f~1.2mp/bin/../lib/gcc/arm-none-eabi/12.2.1/thumb/v7e-m/nofp\libg.a(libc_a-stdio.o)
                              c:/progra~2/armgnu~1/12977f~1.2mp/bin/../lib/gcc/arm-none-eabi/12.2.1/thumb/v7e-m/nofp\libg.a(libc_a-findfp.o) (__sread)
c:/progra~2/armgnu~1/12977f~1.2mp/bin/../lib/gcc/arm-none-eabi/12.2.1/thumb/v7e-m/nofp\libg.a(libc_a-memset.o)
                              c:/progra~2/armgnu~1/12977f~1.2mp/bin/../lib/gcc/arm-none-eabi/12.2.1/thumb/v7e-m/nofp/crt0.o (memset)
c:/progra~2/armgnu~1/12977f~1.2mp/bin/../lib/gcc/arm-none-eabi/12.2.1/thumb/v7e-m/nofp\libg.a(libc_a-strerror.o)
                              c:/progra~2/armgnu~1/12977f~1.2mp/bin/../lib/gcc/arm-none-eabi/12.2.1/thumb/v7e-m/nofp\libg.a(libc_a-perror.o) (_strerror_r)
c:/progra~2/armgnu~1/12977f~1.2mp/bin/../lib/gcc/arm-none-eabi/12.2.1/thumb/v7e-m/nofp\libg.a(libc_a-u_strerr.o)
                              c:/progra~2/armgnu~1/12977f~1.2mp/bin/../lib/gcc/arm-none-eabi/12.2.1/thumb/v7e-m/nofp\libg.a(libc_a-strerror.o) (_user_strerror)
c:/progra~2/armgnu~1/12977f~1.2mp/bin/../lib/gcc/arm-none-eabi/12.2.1/thumb/v7e-m/nofp\libg.a(libc_a-closer.o)
[...]
Memory Configuration

Name             Origin             Length             Attributes
RAM              0x20000000         0x00020000         xrw
FLASH            0x08000000         0x00080000         xr
*default*        0x00000000         0xffffffff

Linker script and memory map

LOAD c:/progra~2/armgnu~1/12977f~1.2mp/bin/../lib/gcc/arm-none-eabi/12.2.1/thumb/v7e-m/nofp/crti.o
LOAD c:/progra~2/armgnu~1/12977f~1.2mp/bin/../lib/gcc/arm-none-eabi/12.2.1/thumb/v7e-m/nofp/crtbegin.o
LOAD c:/progra~2/armgnu~1/12977f~1.2mp/bin/../lib/gcc/arm-none-eabi/12.2.1/thumb/v7e-m/nofp/crt0.o
LOAD CMakeFiles/TankWar.elf.dir/Core/Src/Touch.c.obj
LOAD CMakeFiles/TankWar.elf.dir/Core/Src/audio.c.obj
LOAD CMakeFiles/TankWar.elf.dir/Core/Src/bullet.c.obj
LOAD CMakeFiles/TankWar.elf.dir/Core/Src/crash.c.obj
LOAD CMakeFiles/TankWar.elf.dir/Core/Src/global.c.obj
LOAD CMakeFiles/TankWar.elf.dir/Core/Src/greenTankArray/green0.c.obj
LOAD CMakeFiles/TankWar.elf.dir/Core/Src/greenTankArray/green108.c.obj
LOAD CMakeFiles/TankWar.elf.dir/Core/Src/greenTankArray/green126.c.obj
LOAD CMakeFiles/TankWar.elf.dir/Core/Src/greenTankArray/green144.c.obj
LOAD CMakeFiles/TankWar.elf.dir/Core/Src/greenTankArray/green162.c.obj
LOAD CMakeFiles/TankWar.elf.dir/Core/Src/greenTankArray/green18.c.obj
LOAD CMakeFiles/TankWar.elf.dir/Core/Src/greenTankArray/green180.c.obj
LOAD CMakeFiles/TankWar.elf.dir/Core/Src/greenTankArray/green198.c.obj
LOAD CMakeFiles/TankWar.elf.dir/Core/Src/greenTankArray/green216.c.obj
LOAD CMakeFiles/TankWar.elf.dir/Core/Src/greenTankArray/green234.c.obj
LOAD CMakeFiles/TankWar.elf.dir/Core/Src/greenTankArray/green252.c.obj
LOAD CMakeFiles/TankWar.elf.dir/Core/Src/greenTankArray/green270.c.obj
LOAD CMakeFiles/TankWar.elf.dir/Core/Src/greenTankArray/green288.c.obj
LOAD CMakeFiles/TankWar.elf.dir/Core/Src/greenTankArray/green306.c.obj
LOAD CMakeFiles/TankWar.elf.dir/Core/Src/greenTankArray/green324.c.obj
LOAD CMakeFiles/TankWar.elf.dir/Core/Src/greenTankArray/green342.c.obj
LOAD CMakeFiles/TankWar.elf.dir/Core/Src/greenTankArray/green36.c.obj
LOAD CMakeFiles/TankWar.elf.dir/Core/Src/greenTankArray/green54.c.obj
LOAD CMakeFiles/TankWar.elf.dir/Core/Src/greenTankArray/green72.c.obj
LOAD CMakeFiles/TankWar.elf.dir/Core/Src/greenTankArray/green90.c.obj
LOAD CMakeFiles/TankWar.elf.dir/Core/Src/laser.c.obj
LOAD CMakeFiles/TankWar.elf.dir/Core/Src/lcd_driver.c.obj
LOAD CMakeFiles/TankWar.elf.dir/Core/Src/lever_control.c.obj
LOAD CMakeFiles/TankWar.elf.dir/Core/Src/main.c.obj
LOAD CMakeFiles/TankWar.elf.dir/Core/Src/mainMenu.c.obj
LOAD CMakeFiles/TankWar.elf.dir/Core/Src/map.c.obj
LOAD CMakeFiles/TankWar.elf.dir/Core/Src/otherArray/LaserArray.c.obj
LOAD CMakeFiles/TankWar.elf.dir/Core/Src/otherArray/MainMenuArray.c.obj
LOAD CMakeFiles/TankWar.elf.dir/Core/Src/otherArray/NumberArray.c.obj
LOAD CMakeFiles/TankWar.elf.dir/Core/Src/otherArray/SoundArray.c.obj
LOAD CMakeFiles/TankWar.elf.dir/Core/Src/otherArray/TargetArray.c.obj
LOAD CMakeFiles/TankWar.elf.dir/Core/Src/otherArray/WhiteBackgroundArray.c.obj
LOAD CMakeFiles/TankWar.elf.dir/Core/Src/record.c.obj
LOAD CMakeFiles/TankWar.elf.dir/Core/Src/redTankArray/red0.c.obj
LOAD CMakeFiles/TankWar.elf.dir/Core/Src/redTankArray/red108.c.obj
LOAD CMakeFiles/TankWar.elf.dir/Core/Src/redTankArray/red126.c.obj
LOAD CMakeFiles/TankWar.elf.dir/Core/Src/redTankArray/red144.c.obj
LOAD CMakeFiles/TankWar.elf.dir/Core/Src/redTankArray/red162.c.obj
LOAD CMakeFiles/TankWar.elf.dir/Core/Src/redTankArray/red18.c.obj
LOAD CMakeFiles/TankWar.elf.dir/Core/Src/redTankArray/red180.c.obj
LOAD CMakeFiles/TankWar.elf.dir/Core/Src/redTankArray/red198.c.obj
LOAD CMakeFiles/TankWar.elf.dir/Core/Src/redTankArray/red216.c.obj
LOAD CMakeFiles/TankWar.elf.dir/Core/Src/redTankArray/red234.c.obj
LOAD CMakeFiles/TankWar.elf.dir/Core/Src/redTankArray/red252.c.obj
LOAD CMakeFiles/TankWar.elf.dir/Core/Src/redTankArray/red270.c.obj
LOAD CMakeFiles/TankWar.elf.dir/Core/Src/redTankArray/red288.c.obj
LOAD CMakeFiles/TankWar.elf.dir/Core/Src/redTankArray/red306.c.obj
LOAD CMakeFiles/TankWar.elf.dir/Core/Src/redTankArray/red324.c.obj
LOAD CMakeFiles/TankWar.elf.dir/Core/Src/redTankArray/red342.c.obj
LOAD CMakeFiles/TankWar.elf.dir/Core/Src/redTankArray/red36.c.obj
LOAD CMakeFiles/TankWar.elf.dir/Core/Src/redTankArray/red54.c.obj
LOAD CMakeFiles/TankWar.elf.dir/Core/Src/redTankArray/red72.c.obj
LOAD CMakeFiles/TankWar.elf.dir/Core/Src/redTankArray/red90.c.obj
LOAD CMakeFiles/TankWar.elf.dir/Core/Src/showScore.c.obj
LOAD CMakeFiles/TankWar.elf.dir/Core/Src/sound.c.obj
LOAD CMakeFiles/TankWar.elf.dir/Core/Src/stm32g4xx_hal_msp.c.obj
LOAD CMakeFiles/TankWar.elf.dir/Core/Src/stm32g4xx_it.c.obj
LOAD CMakeFiles/TankWar.elf.dir/Core/Src/syscalls.c.obj
LOAD CMakeFiles/TankWar.elf.dir/Core/Src/sysmem.c.obj
LOAD CMakeFiles/TankWar.elf.dir/Core/Src/system_stm32g4xx.c.obj
LOAD CMakeFiles/TankWar.elf.dir/Core/Src/tank.c.obj
LOAD CMakeFiles/TankWar.elf.dir/Core/Src/target.c.obj
LOAD CMakeFiles/TankWar.elf.dir/Core/Startup/startup_stm32g474retx.s.obj
LOAD CMakeFiles/TankWar.elf.dir/Drivers/STM32G4xx_HAL_Driver/Src/stm32g4xx_hal.c.obj
LOAD CMakeFiles/TankWar.elf.dir/Drivers/STM32G4xx_HAL_Driver/Src/stm32g4xx_hal_adc.c.obj
LOAD CMakeFiles/TankWar.elf.dir/Drivers/STM32G4xx_HAL_Driver/Src/stm32g4xx_hal_adc_ex.c.obj
LOAD CMakeFiles/TankWar.elf.dir/Drivers/STM32G4xx_HAL_Driver/Src/stm32g4xx_hal_cortex.c.obj
LOAD CMakeFiles/TankWar.elf.dir/Drivers/STM32G4xx_HAL_Driver/Src/stm32g4xx_hal_dma.c.obj
LOAD CMakeFiles/TankWar.elf.dir/Drivers/STM32G4xx_HAL_Driver/Src/stm32g4xx_hal_dma_ex.c.obj
LOAD CMakeFiles/TankWar.elf.dir/Drivers/STM32G4xx_HAL_Driver/Src/stm32g4xx_hal_exti.c.obj
LOAD CMakeFiles/TankWar.elf.dir/Drivers/STM32G4xx_HAL_Driver/Src/stm32g4xx_hal_flash.c.obj
LOAD CMakeFiles/TankWar.elf.dir/Drivers/STM32G4xx_HAL_Driver/Src/stm32g4xx_hal_flash_ex.c.obj
LOAD CMakeFiles/TankWar.elf.dir/Drivers/STM32G4xx_HAL_Driver/Src/stm32g4xx_hal_flash_ramfunc.c.obj
LOAD CMakeFiles/TankWar.elf.dir/Drivers/STM32G4xx_HAL_Driver/Src/stm32g4xx_hal_gpio.c.obj
LOAD CMakeFiles/TankWar.elf.dir/Drivers/STM32G4xx_HAL_Driver/Src/stm32g4xx_hal_i2c.c.obj
LOAD CMakeFiles/TankWar.elf.dir/Drivers/STM32G4xx_HAL_Driver/Src/stm32g4xx_hal_i2c_ex.c.obj
LOAD CMakeFiles/TankWar.elf.dir/Drivers/STM32G4xx_HAL_Driver/Src/stm32g4xx_hal_pwr.c.obj
LOAD CMakeFiles/TankWar.elf.dir/Drivers/STM32G4xx_HAL_Driver/Src/stm32g4xx_hal_pwr_ex.c.obj
LOAD CMakeFiles/TankWar.elf.dir/Drivers/STM32G4xx_HAL_Driver/Src/stm32g4xx_hal_rcc.c.obj
LOAD CMakeFiles/TankWar.elf.dir/Drivers/STM32G4xx_HAL_Driver/Src/stm32g4xx_hal_rcc_ex.c.obj
LOAD CMakeFiles/TankWar.elf.dir/Drivers/STM32G4xx_HAL_Driver/Src/stm32g4xx_hal_rng.c.obj
LOAD CMakeFiles/TankWar.elf.dir/Drivers/STM32G4xx_HAL_Driver/Src/stm32g4xx_hal_sai.c.obj
LOAD CMakeFiles/TankWar.elf.dir/Drivers/STM32G4xx_HAL_Driver/Src/stm32g4xx_hal_sai_ex.c.obj
LOAD CMakeFiles/TankWar.elf.dir/Drivers/STM32G4xx_HAL_Driver/Src/stm32g4xx_hal_tim.c.obj
LOAD CMakeFiles/TankWar.elf.dir/Drivers/STM32G4xx_HAL_Driver/Src/stm32g4xx_hal_tim_ex.c.obj
LOAD CMakeFiles/TankWar.elf.dir/Drivers/STM32G4xx_HAL_Driver/Src/stm32g4xx_hal_uart.c.obj
LOAD CMakeFiles/TankWar.elf.dir/Drivers/STM32G4xx_HAL_Driver/Src/stm32g4xx_hal_uart_ex.c.obj
LOAD CMakeFiles/TankWar.elf.dir/Drivers/STM32G4xx_HAL_Driver/Src/stm32g4xx_ll_adc.c.obj
LOAD CMakeFiles/TankWar.elf.dir/Drivers/STM32G4xx_HAL_Driver/Src/stm32g4xx_ll_dma.c.obj
LOAD CMakeFiles/TankWar.elf.dir/Drivers/STM32G4xx_HAL_Driver/Src/stm32g4xx_ll_exti.c.obj
LOAD CMakeFiles/TankWar.elf.dir/Drivers/STM32G4xx_HAL_Driver/Src/stm32g4xx_ll_gpio.c.obj
LOAD CMakeFiles/TankWar.elf.dir/Drivers/STM32G4xx_HAL_Driver/Src/stm32g4xx_ll_pwr.c.obj
LOAD CMakeFiles/TankWar.elf.dir/Drivers/STM32G4xx_HAL_Driver/Src/stm32g4xx_ll_spi.c.obj
LOAD CMakeFiles/TankWar.elf.dir/Drivers/STM32G4xx_HAL_Driver/Src/stm32g4xx_ll_utils.c.obj
START GROUP
LOAD c:/progra~2/armgnu~1/12977f~1.2mp/bin/../lib/gcc/arm-none-eabi/12.2.1/thumb/v7e-m/nofp\libgcc.a
LOAD c:/progra~2/armgnu~1/12977f~1.2mp/bin/../lib/gcc/arm-none-eabi/12.2.1/thumb/v7e-m/nofp\libg.a
LOAD c:/progra~2/armgnu~1/12977f~1.2mp/bin/../lib/gcc/arm-none-eabi/12.2.1/thumb/v7e-m/nofp\libc.a
END GROUP
LOAD c:/progra~2/armgnu~1/12977f~1.2mp/bin/../lib/gcc/arm-none-eabi/12.2.1/thumb/v7e-m/nofp/crtend.o
LOAD c:/progra~2/armgnu~1/12977f~1.2mp/bin/../lib/gcc/arm-none-eabi/12.2.1/thumb/v7e-m/nofp/crtn.o
                0x20020000                        _estack = (ORIGIN (RAM) + LENGTH (RAM))
                0x00000200                        _Min_Heap_Size = 0x200
                0x00000400                        _Min_Stack_Size = 0x400

.isr_vector     0x08000000      0x1d8
                0x08000000                        . = ALIGN (0x4)
 *(.isr_vector)
 .isr_vector    0x08000000      0x1d8 CMakeFiles/TankWar.elf.dir/Core/Startup/startup_stm32g474retx.s.obj
                0x08000000                g_pfnVectors
                0x080001d8                        . = ALIGN (0x4)

.text           0x08000200    0x11860
                0x08000200                        . = ALIGN (0x4)
 *(.text)
 .text          0x08000200      0x168 c:/progra~2/armgnu~1/12977f~1.2mp/bin/../lib/gcc/arm-none-eabi/12.2.1/thumb/v7e-m/nofp\libgcc.a(_arm_mulsf3.o)
                0x08000200                __aeabi_fmul
                0x08000200                __mulsf3
 .text          0x08000368      0x21c c:/progra~2/armgnu~1/12977f~1.2mp/bin/../lib/gcc/arm-none-eabi/12.2.1/thumb/v7e-m/nofp\libgcc.a(_arm_addsubsf3.o)
                0x08000368                __aeabi_frsub
                0x08000370                __subsf3
                0x08000370                __aeabi_fsub
                0x08000374                __aeabi_fadd
                0x08000374                __addsf3
                0x080004d4                __aeabi_ui2f
                0x080004d4                __floatunsisf
                0x080004dc                __aeabi_i2f
                0x080004dc                __floatsisf
                0x080004f8                __aeabi_ul2f
                0x080004f8                __floatundisf
                0x08000508                __aeabi_l2f
                0x08000508                __floatdisf
 .text          0x08000584       0xec c:/progra~2/armgnu~1/12977f~1.2mp/bin/../lib/gcc/arm-none-eabi/12.2.1/thumb/v7e-m/nofp\libgcc.a(_arm_cmpsf2.o)
                0x08000584                __gesf2
                0x08000584                __gtsf2
                0x0800058c                __lesf2
                0x0800058c                __ltsf2
                0x08000594                __nesf2
                0x08000594                __eqsf2
                0x08000594                __cmpsf2
                0x080005f4                __aeabi_cfrcmple
                0x080005fc                __aeabi_cfcmpeq
                0x080005fc                __aeabi_cfcmple
                0x0800060c                __aeabi_fcmpeq
                0x08000620                __aeabi_fcmplt
                0x08000634                __aeabi_fcmple
                0x08000648                __aeabi_fcmpge
                0x0800065c                __aeabi_fcmpgt
 .text          0x08000670       0x4c c:/progra~2/armgnu~1/12977f~1.2mp/bin/../lib/gcc/arm-none-eabi/12.2.1/thumb/v7e-m/nofp\libgcc.a(_arm_fixsfsi.o)
                0x08000670                __aeabi_f2iz
                0x08000670                __fixsfsi
 .text          0x080006bc       0x30 c:/progra~2/armgnu~1/12977f~1.2mp/bin/../lib/gcc/arm-none-eabi/12.2.1/thumb/v7e-m/nofp\libgcc.a(_aeabi_uldivmod.o)
                0x080006bc                __aeabi_uldivmod
 .text          0x080006ec        0x4 c:/progra~2/armgnu~1/12977f~1.2mp/bin/../lib/gcc/arm-none-eabi/12.2.1/thumb/v7e-m/nofp\libgcc.a(_dvmd_tls.o)
                0x080006ec                __aeabi_idiv0
                0x080006ec                __aeabi_ldiv0
 *fill*         0x080006f0       0x10 
 .text          0x08000700       0xd8 c:/progra~2/armgnu~1/12977f~1.2mp/bin/../lib/gcc/arm-none-eabi/12.2.1/thumb/v7e-m/nofp\libg.a(libc_a-strlen.o)
                0x08000700                strlen
 *fill*         0x080007d8        0x8 
 .text          0x080007e0       0xa0 c:/progra~2/armgnu~1/12977f~1.2mp/bin/../lib/gcc/arm-none-eabi/12.2.1/thumb/v7e-m/nofp\libg.a(libc_a-memchr.o)
                0x080007e0                memchr
 .text          0x08000880      0x134 c:/progra~2/armgnu~1/12977f~1.2mp/bin/../lib/gcc/arm-none-eabi/12.2.1/thumb/v7e-m/nofp\libg.a(libc_a-memcpy.o)
                0x08000880                memcpy
 .text          0x080009b4      0x378 c:/progra~2/armgnu~1/12977f~1.2mp/bin/../lib/gcc/arm-none-eabi/12.2.1/thumb/v7e-m/nofp\libgcc.a(_arm_addsubdf3.o)
                0x080009b4                __aeabi_drsub
                0x080009bc                __aeabi_dsub
                0x080009bc                __subdf3
                0x080009c0                __aeabi_dadd
                0x080009c0                __adddf3
                0x08000c38                __floatunsidf
                0x08000c38                __aeabi_ui2d
                0x08000c58                __floatsidf
                0x08000c58                __aeabi_i2d
                0x08000c7c                __aeabi_f2d
                0x08000c7c                __extendsfdf2
                0x08000cc0                __floatundidf
                0x08000cc0                __aeabi_ul2d
                0x08000cd0                __floatdidf
                0x08000cd0                __aeabi_l2d
 .text          0x08000d2c      0x424 c:/progra~2/armgnu~1/12977f~1.2mp/bin/../lib/gcc/arm-none-eabi/12.2.1/thumb/v7e-m/nofp\libgcc.a(_arm_muldivdf3.o)
                0x08000d2c                __aeabi_dmul
                0x08000d2c                __muldf3
                0x08000f80                __divdf3
                0x08000f80                __aeabi_ddiv
 .text          0x08001150      0x110 c:/progra~2/armgnu~1/12977f~1.2mp/bin/../lib/gcc/arm-none-eabi/12.2.1/thumb/v7e-m/nofp\libgcc.a(_arm_cmpdf2.o)
                0x08001150                __gtdf2
                0x08001150                __gedf2
                0x08001158                __ltdf2
                0x08001158                __ledf2
                0x08001160                __nedf2
                0x08001160                __eqdf2
                0x08001160                __cmpdf2
                0x080011dc                __aeabi_cdrcmple
                0x080011ec                __aeabi_cdcmpeq
                0x080011ec                __aeabi_cdcmple
                0x080011fc                __aeabi_dcmpeq
                0x08001210                __aeabi_dcmplt
                0x08001224                __aeabi_dcmple
                0x08001238                __aeabi_dcmpge
                0x0800124c                __aeabi_dcmpgt
 .text          0x08001260       0x2c c:/progra~2/armgnu~1/12977f~1.2mp/bin/../lib/gcc/arm-none-eabi/12.2.1/thumb/v7e-m/nofp\libgcc.a(_arm_unorddf2.o)
                0x08001260                __unorddf2
                0x08001260                __aeabi_dcmpun
 .text          0x0800128c       0x50 c:/progra~2/armgnu~1/12977f~1.2mp/bin/../lib/gcc/arm-none-eabi/12.2.1/thumb/v7e-m/nofp\libgcc.a(_arm_fixdfsi.o)
                0x0800128c                __aeabi_d2iz
                0x0800128c                __fixdfsi
 *(.text*)
 .text.deregister_tm_clones
                0x080012dc       0x1c c:/progra~2/armgnu~1/12977f~1.2mp/bin/../lib/gcc/arm-none-eabi/12.2.1/thumb/v7e-m/nofp/crtbegin.o
 .text.register_tm_clones
                0x080012f8       0x24 c:/progra~2/armgnu~1/12977f~1.2mp/bin/../lib/gcc/arm-none-eabi/12.2.1/thumb/v7e-m/nofp/crtbegin.o
 .text.__do_global_dtors_aux
                0x0800131c       0x28 c:/progra~2/armgnu~1/12977f~1.2mp/bin/../lib/gcc/arm-none-eabi/12.2.1/thumb/v7e-m/nofp/crtbegin.o
 .text.frame_dummy
                0x08001344       0x24 c:/progra~2/armgnu~1/12977f~1.2mp/bin/../lib/gcc/arm-none-eabi/12.2.1/thumb/v7e-m/nofp/crtbegin.o
 .text.Touch_Read
                0x08001368      0x140 CMakeFiles/TankWar.elf.dir/Core/Src/Touch.c.obj
                0x08001368                Touch_Read
 .text.Touch    0x080014a8       0x84 CMakeFiles/TankWar.elf.dir/Core/Src/Touch.c.obj
                0x080014a8                Touch
 .text.write_reg
                0x0800152c       0x34 CMakeFiles/TankWar.elf.dir/Core/Src/audio.c.obj
                0x0800152c                write_reg
 .text.ES8388_init
                0x08001560      0x13a CMakeFiles/TankWar.elf.dir/Core/Src/audio.c.obj
                0x08001560                ES8388_init
 *fill*         0x0800169a        0x2 
 .text.getBulletTouchWallState
                0x0800169c      0x418 CMakeFiles/TankWar.elf.dir/Core/Src/bullet.c.obj
                0x0800169c                getBulletTouchWallState
 .text.BulletBound
                0x08001ab4       0x74 CMakeFiles/TankWar.elf.dir/Core/Src/bullet.c.obj
                0x08001ab4                BulletBound
 .text.bulletMove_clear
                0x08001b28      0x78c CMakeFiles/TankWar.elf.dir/Core/Src/bullet.c.obj
                0x08001b28                bulletMove_clear
 .text.drawBullet
                0x080022b4       0x40 CMakeFiles/TankWar.elf.dir/Core/Src/bullet.c.obj
                0x080022b4                drawBullet
 .text.drawBullets
                0x080022f4       0x34 CMakeFiles/TankWar.elf.dir/Core/Src/bullet.c.obj
                0x080022f4                drawBullets
 .text.Bullets_Init
                0x08002328       0x50 CMakeFiles/TankWar.elf.dir/Core/Src/bullet.c.obj
                0x08002328                Bullets_Init
 .text.Bullet_Create
                0x08002378       0x28 CMakeFiles/TankWar.elf.dir/Core/Src/bullet.c.obj
                0x08002378                Bullet_Create
 .text.BulletShoot
                0x080023a0       0x7c CMakeFiles/TankWar.elf.dir/Core/Src/bullet.c.obj
                0x080023a0                BulletShoot
 .text.Bullet_Destroy
                0x0800241c       0x40 CMakeFiles/TankWar.elf.dir/Core/Src/bullet.c.obj
                0x0800241c                Bullet_Destroy
 .text.Bullet_TimeOutClear
                0x0800245c       0x50 CMakeFiles/TankWar.elf.dir/Core/Src/bullet.c.obj
                0x0800245c                Bullet_TimeOutClear
 .text.IsBulletCrashTank
                0x080024ac       0x9e CMakeFiles/TankWar.elf.dir/Core/Src/bullet.c.obj
                0x080024ac                IsBulletCrashTank
 *fill*         0x0800254a        0x2 
 .text.getDirectionAdd
                0x0800254c      0x124 CMakeFiles/TankWar.elf.dir/Core/Src/global.c.obj
                0x0800254c                getDirectionAdd
 .text.Laser_Init
                0x08002670       0x32 CMakeFiles/TankWar.elf.dir/Core/Src/laser.c.obj
                0x08002670                Laser_Init
 *fill*         0x080026a2        0x2 
 .text.Laser_Create
                0x080026a4       0xd0 CMakeFiles/TankWar.elf.dir/Core/Src/laser.c.obj
                0x080026a4                Laser_Create
 .text.drawLaserIcon
                0x08002774       0x40 CMakeFiles/TankWar.elf.dir/Core/Src/laser.c.obj
                0x08002774                drawLaserIcon
 .text.Laser_tankGet
                0x080027b4       0xe8 CMakeFiles/TankWar.elf.dir/Core/Src/laser.c.obj
                0x080027b4                Laser_tankGet
 .text.Laser_GetTouchState
                0x0800289c      0x2dc CMakeFiles/TankWar.elf.dir/Core/Src/laser.c.obj
                0x0800289c                Laser_GetTouchState
 .text.Laser_Bound
                0x08002b78       0x68 CMakeFiles/TankWar.elf.dir/Core/Src/laser.c.obj
                0x08002b78                Laser_Bound
 .text.Laser_Show
                0x08002be0       0x5c CMakeFiles/TankWar.elf.dir/Core/Src/laser.c.obj
                0x08002be0                Laser_Show
 .text.Laser_Clear
                0x08002c3c       0x56 CMakeFiles/TankWar.elf.dir/Core/Src/laser.c.obj
                0x08002c3c                Laser_Clear
 *fill*         0x08002c92        0x2 
 .text.Laser_Renew
                0x08002c94       0xfc CMakeFiles/TankWar.elf.dir/Core/Src/laser.c.obj
                0x08002c94                Laser_Renew
 .text.Laser_Destroy
                0x08002d90       0x54 CMakeFiles/TankWar.elf.dir/Core/Src/laser.c.obj
                0x08002d90                Laser_Destroy
 .text.Laser_Shoot
                0x08002de4      0x154 CMakeFiles/TankWar.elf.dir/Core/Src/laser.c.obj
                0x08002de4                Laser_Shoot
 .text.LCD_RS_SET
                0x08002f38        0xc CMakeFiles/TankWar.elf.dir/Core/Src/lcd_driver.c.obj
                0x08002f38                LCD_RS_SET
 .text.LCD_RS_CLR
                0x08002f44        0xc CMakeFiles/TankWar.elf.dir/Core/Src/lcd_driver.c.obj
                0x08002f44                LCD_RS_CLR
 .text.LCD_CS_SET
                0x08002f50        0xc CMakeFiles/TankWar.elf.dir/Core/Src/lcd_driver.c.obj
                0x08002f50                LCD_CS_SET
 .text.LCD_CS_CLR
                0x08002f5c        0xc CMakeFiles/TankWar.elf.dir/Core/Src/lcd_driver.c.obj
                0x08002f5c                LCD_CS_CLR
 .text.SPI_WriteByte
                0x08002f68       0x3c CMakeFiles/TankWar.elf.dir/Core/Src/lcd_driver.c.obj
                0x08002f68                SPI_WriteByte
 .text.Lcd_WriteData_16Bit
                0x08002fa4       0x16 CMakeFiles/TankWar.elf.dir/Core/Src/lcd_driver.c.obj
                0x08002fa4                Lcd_WriteData_16Bit
 .text.LCD_WR_REG
                0x08002fba       0x10 CMakeFiles/TankWar.elf.dir/Core/Src/lcd_driver.c.obj
                0x08002fba                LCD_WR_REG
 .text.LCD_WR_DATA
                0x08002fca       0x10 CMakeFiles/TankWar.elf.dir/Core/Src/lcd_driver.c.obj
                0x08002fca                LCD_WR_DATA
 .text.LCD_WriteReg
                0x08002fda       0x10 CMakeFiles/TankWar.elf.dir/Core/Src/lcd_driver.c.obj
                0x08002fda                LCD_WriteReg
 *fill*         0x08002fea        0x2 
 .text.LCD_WriteRAM_Prepare
                0x08002fec       0x10 CMakeFiles/TankWar.elf.dir/Core/Src/lcd_driver.c.obj
                0x08002fec                LCD_WriteRAM_Prepare
 .text.SPI_DMAInit
                0x08002ffc       0x3c CMakeFiles/TankWar.elf.dir/Core/Src/lcd_driver.c.obj
                0x08002ffc                SPI_DMAInit
 .text.LCD_SetWindows
                0x08003038       0x5c CMakeFiles/TankWar.elf.dir/Core/Src/lcd_driver.c.obj
                0x08003038                LCD_SetWindows
 .text.LCD_Fill
                0x08003094       0x46 CMakeFiles/TankWar.elf.dir/Core/Src/lcd_driver.c.obj
                0x08003094                LCD_Fill
 *fill*         0x080030da        0x2 
 .text.LCD_ClearToBackground
                0x080030dc       0x38 CMakeFiles/TankWar.elf.dir/Core/Src/lcd_driver.c.obj
                0x080030dc                LCD_ClearToBackground
 .text.LCD_Clear
                0x08003114       0x44 CMakeFiles/TankWar.elf.dir/Core/Src/lcd_driver.c.obj
                0x08003114                LCD_Clear
 .text.LCD_direction
                0x08003158       0x80 CMakeFiles/TankWar.elf.dir/Core/Src/lcd_driver.c.obj
                0x08003158                LCD_direction
 .text.LCD_Init
                0x080031d8      0x1ec CMakeFiles/TankWar.elf.dir/Core/Src/lcd_driver.c.obj
                0x080031d8                LCD_Init
 .text.get_l_state
                0x080033c4      0x2e0 CMakeFiles/TankWar.elf.dir/Core/Src/lever_control.c.obj
                0x080033c4                get_l_state
 .text.get_r_state
                0x080036a4      0x2e0 CMakeFiles/TankWar.elf.dir/Core/Src/lever_control.c.obj
                0x080036a4                get_r_state
 .text.MX_GPIO_Init
                0x08003984      0x148 CMakeFiles/TankWar.elf.dir/Core/Src/main.c.obj
 .text.MX_DMA_Init
                0x08003acc       0x44 CMakeFiles/TankWar.elf.dir/Core/Src/main.c.obj
 .text.MX_SPI3_Init
                0x08003b10       0xe0 CMakeFiles/TankWar.elf.dir/Core/Src/main.c.obj
 .text.__io_putchar
                0x08003bf0       0x20 CMakeFiles/TankWar.elf.dir/Core/Src/main.c.obj
                0x08003bf0                __io_putchar
 .text.HAL_TIM_PeriodElapsedCallback
                0x08003c10      0x208 CMakeFiles/TankWar.elf.dir/Core/Src/main.c.obj
                0x08003c10                HAL_TIM_PeriodElapsedCallback
 .text.Error_Handler
                0x08003e18        0x4 CMakeFiles/TankWar.elf.dir/Core/Src/main.c.obj
                0x08003e18                Error_Handler
 .text.MX_LPUART1_UART_Init
                0x08003e1c       0x60 CMakeFiles/TankWar.elf.dir/Core/Src/main.c.obj
 .text.MX_TIM6_Init
                0x08003e7c       0x58 CMakeFiles/TankWar.elf.dir/Core/Src/main.c.obj
 .text.MX_ADC1_Init
                0x08003ed4       0xb8 CMakeFiles/TankWar.elf.dir/Core/Src/main.c.obj
 .text.MX_ADC2_Init
                0x08003f8c       0xa4 CMakeFiles/TankWar.elf.dir/Core/Src/main.c.obj
 .text.MX_RNG_Init
                0x08004030       0x20 CMakeFiles/TankWar.elf.dir/Core/Src/main.c.obj
 .text.MX_TIM4_Init
                0x08004050       0x74 CMakeFiles/TankWar.elf.dir/Core/Src/main.c.obj
 .text.MX_TIM5_Init
                0x080040c4       0x74 CMakeFiles/TankWar.elf.dir/Core/Src/main.c.obj
 .text.MX_I2C3_Init
                0x08004138       0x54 CMakeFiles/TankWar.elf.dir/Core/Src/main.c.obj
 .text.MX_SAI1_Init
                0x0800418c       0x74 CMakeFiles/TankWar.elf.dir/Core/Src/main.c.obj
 .text.SystemClock_Config
                0x08004200       0x74 CMakeFiles/TankWar.elf.dir/Core/Src/main.c.obj
                0x08004200                SystemClock_Config
 .text.main     0x08004274       0x74 CMakeFiles/TankWar.elf.dir/Core/Src/main.c.obj
                0x08004274                main
 .text.SPI3_ReInit
                0x080042e8       0x54 CMakeFiles/TankWar.elf.dir/Core/Src/mainMenu.c.obj
                0x080042e8                SPI3_ReInit
 .text.gameBegin_2players
                0x0800433c      0x1e0 CMakeFiles/TankWar.elf.dir/Core/Src/mainMenu.c.obj
                0x0800433c                gameBegin_2players
 .text.gameBegin_1player
                0x0800451c      0x220 CMakeFiles/TankWar.elf.dir/Core/Src/mainMenu.c.obj
                0x0800451c                gameBegin_1player
 .text.gameBegin
                0x0800473c       0x48 CMakeFiles/TankWar.elf.dir/Core/Src/mainMenu.c.obj
                0x0800473c                gameBegin
 .text.keyDownTest
                0x08004784       0x3c CMakeFiles/TankWar.elf.dir/Core/Src/mainMenu.c.obj
                0x08004784                keyDownTest
 .text.setVisited
                0x080047c0       0x30 CMakeFiles/TankWar.elf.dir/Core/Src/map.c.obj
                0x080047c0                setVisited
 .text.isVisited
                0x080047f0       0x2c CMakeFiles/TankWar.elf.dir/Core/Src/map.c.obj
                0x080047f0                isVisited
 .text.insertWallToList
                0x0800481c       0x38 CMakeFiles/TankWar.elf.dir/Core/Src/map.c.obj
                0x0800481c                insertWallToList
 .text.isWallListEmpty
                0x08004854        0xa CMakeFiles/TankWar.elf.dir/Core/Src/map.c.obj
                0x08004854                isWallListEmpty
 .text.insertAllWall
                0x0800485e       0xac CMakeFiles/TankWar.elf.dir/Core/Src/map.c.obj
                0x0800485e                insertAllWall
 *fill*         0x0800490a        0x2 
 .text.popWallFromList
                0x0800490c       0x84 CMakeFiles/TankWar.elf.dir/Core/Src/map.c.obj
                0x0800490c                popWallFromList
 .text.createMap
                0x08004990      0x2ac CMakeFiles/TankWar.elf.dir/Core/Src/map.c.obj
                0x08004990                createMap
 .text.isWall   0x08004c3c      0x14c CMakeFiles/TankWar.elf.dir/Core/Src/map.c.obj
                0x08004c3c                isWall
 .text.isTouchWall
                0x08004d88      0x144 CMakeFiles/TankWar.elf.dir/Core/Src/map.c.obj
                0x08004d88                isTouchWall
 .text.drawMap  0x08004ecc       0x6c CMakeFiles/TankWar.elf.dir/Core/Src/map.c.obj
                0x08004ecc                drawMap
 .text.get_record
                0x08004f38       0x24 CMakeFiles/TankWar.elf.dir/Core/Src/record.c.obj
                0x08004f38                get_record
 .text.update_record
                0x08004f5c       0x2c CMakeFiles/TankWar.elf.dir/Core/Src/record.c.obj
                0x08004f5c                update_record
 .text.Print_number
                0x08004f88       0x3e CMakeFiles/TankWar.elf.dir/Core/Src/showScore.c.obj
                0x08004f88                Print_number
 *fill*         0x08004fc6        0x2 
 .text.show_score
                0x08004fc8       0xc0 CMakeFiles/TankWar.elf.dir/Core/Src/showScore.c.obj
                0x08004fc8                show_score
 .text.HAL_SAI_TxCpltCallback
                0x08005088       0x1c CMakeFiles/TankWar.elf.dir/Core/Src/sound.c.obj
                0x08005088                HAL_SAI_TxCpltCallback
 .text.play_sound
                0x080050a4       0x28 CMakeFiles/TankWar.elf.dir/Core/Src/sound.c.obj
                0x080050a4                play_sound
 .text.HAL_MspInit
                0x080050cc       0x38 CMakeFiles/TankWar.elf.dir/Core/Src/stm32g4xx_hal_msp.c.obj
                0x080050cc                HAL_MspInit
 .text.HAL_ADC_MspInit
                0x08005104      0x108 CMakeFiles/TankWar.elf.dir/Core/Src/stm32g4xx_hal_msp.c.obj
                0x08005104                HAL_ADC_MspInit
 .text.HAL_I2C_MspInit
                0x0800520c       0x8c CMakeFiles/TankWar.elf.dir/Core/Src/stm32g4xx_hal_msp.c.obj
                0x0800520c                HAL_I2C_MspInit
 .text.HAL_UART_MspInit
                0x08005298       0x84 CMakeFiles/TankWar.elf.dir/Core/Src/stm32g4xx_hal_msp.c.obj
                0x08005298                HAL_UART_MspInit
 .text.HAL_RNG_MspInit
                0x0800531c       0x60 CMakeFiles/TankWar.elf.dir/Core/Src/stm32g4xx_hal_msp.c.obj
                0x0800531c                HAL_RNG_MspInit
 .text.HAL_TIM_Base_MspInit
                0x0800537c       0xa0 CMakeFiles/TankWar.elf.dir/Core/Src/stm32g4xx_hal_msp.c.obj
                0x0800537c                HAL_TIM_Base_MspInit
 .text.HAL_SAI_MspInit
                0x0800541c      0x158 CMakeFiles/TankWar.elf.dir/Core/Src/stm32g4xx_hal_msp.c.obj
                0x0800541c                HAL_SAI_MspInit
 .text.NMI_Handler
                0x08005574        0x2 CMakeFiles/TankWar.elf.dir/Core/Src/stm32g4xx_it.c.obj
                0x08005574                NMI_Handler
 .text.HardFault_Handler
                0x08005576        0x2 CMakeFiles/TankWar.elf.dir/Core/Src/stm32g4xx_it.c.obj
                0x08005576                HardFault_Handler
 .text.MemManage_Handler
                0x08005578        0x2 CMakeFiles/TankWar.elf.dir/Core/Src/stm32g4xx_it.c.obj
                0x08005578                MemManage_Handler
 .text.BusFault_Handler
                0x0800557a        0x2 CMakeFiles/TankWar.elf.dir/Core/Src/stm32g4xx_it.c.obj
                0x0800557a                BusFault_Handler
 .text.UsageFault_Handler
                0x0800557c        0x2 CMakeFiles/TankWar.elf.dir/Core/Src/stm32g4xx_it.c.obj
                0x0800557c                UsageFault_Handler
 .text.SVC_Handler
                0x0800557e        0x2 CMakeFiles/TankWar.elf.dir/Core/Src/stm32g4xx_it.c.obj
                0x0800557e                SVC_Handler
 .text.DebugMon_Handler
                0x08005580        0x2 CMakeFiles/TankWar.elf.dir/Core/Src/stm32g4xx_it.c.obj
                0x08005580                DebugMon_Handler
 .text.PendSV_Handler
                0x08005582        0x2 CMakeFiles/TankWar.elf.dir/Core/Src/stm32g4xx_it.c.obj
                0x08005582                PendSV_Handler
 .text.SysTick_Handler
                0x08005584        0x8 CMakeFiles/TankWar.elf.dir/Core/Src/stm32g4xx_it.c.obj
                0x08005584                SysTick_Handler
 .text.DMA1_Channel3_IRQHandler
                0x0800558c       0x10 CMakeFiles/TankWar.elf.dir/Core/Src/stm32g4xx_it.c.obj
                0x0800558c                DMA1_Channel3_IRQHandler
 .text.TIM4_IRQHandler
                0x0800559c       0x10 CMakeFiles/TankWar.elf.dir/Core/Src/stm32g4xx_it.c.obj
                0x0800559c                TIM4_IRQHandler
 .text.EXTI15_10_IRQHandler
                0x080055ac        0xc CMakeFiles/TankWar.elf.dir/Core/Src/stm32g4xx_it.c.obj
                0x080055ac                EXTI15_10_IRQHandler
 .text.TIM5_IRQHandler
                0x080055b8       0x10 CMakeFiles/TankWar.elf.dir/Core/Src/stm32g4xx_it.c.obj
                0x080055b8                TIM5_IRQHandler
 .text.TIM6_DAC_IRQHandler
                0x080055c8       0x10 CMakeFiles/TankWar.elf.dir/Core/Src/stm32g4xx_it.c.obj
                0x080055c8                TIM6_DAC_IRQHandler
 .text.RNG_IRQHandler
                0x080055d8       0x10 CMakeFiles/TankWar.elf.dir/Core/Src/stm32g4xx_it.c.obj
                0x080055d8                RNG_IRQHandler
 .text._getpid  0x080055e8        0x4 CMakeFiles/TankWar.elf.dir/Core/Src/syscalls.c.obj
                0x080055e8                _getpid
 .text._kill    0x080055ec       0x10 CMakeFiles/TankWar.elf.dir/Core/Src/syscalls.c.obj
                0x080055ec                _kill
 .text._exit    0x080055fc        0xc CMakeFiles/TankWar.elf.dir/Core/Src/syscalls.c.obj
                0x080055fc                _exit
 .text._read    0x08005608       0x20 CMakeFiles/TankWar.elf.dir/Core/Src/syscalls.c.obj
                0x08005608                _read
 .text._write   0x08005628       0x1c CMakeFiles/TankWar.elf.dir/Core/Src/syscalls.c.obj
                0x08005628                _write
 .text._close   0x08005644        0x6 CMakeFiles/TankWar.elf.dir/Core/Src/syscalls.c.obj
                0x08005644                _close
 .text._fstat   0x0800564a        0xa CMakeFiles/TankWar.elf.dir/Core/Src/syscalls.c.obj
                0x0800564a                _fstat
 .text._isatty  0x08005654        0x4 CMakeFiles/TankWar.elf.dir/Core/Src/syscalls.c.obj
                0x08005654                _isatty
 .text._lseek   0x08005658        0x4 CMakeFiles/TankWar.elf.dir/Core/Src/syscalls.c.obj
                0x08005658                _lseek
 .text._sbrk    0x0800565c       0x48 CMakeFiles/TankWar.elf.dir/Core/Src/sysmem.c.obj
                0x0800565c                _sbrk
 .text.SystemInit
                0x080056a4        0x2 CMakeFiles/TankWar.elf.dir/Core/Src/system_stm32g4xx.c.obj
                0x080056a4                SystemInit
 *fill*         0x080056a6        0x2 
 .text.tank_Init
                0x080056a8       0xf0 CMakeFiles/TankWar.elf.dir/Core/Src/tank.c.obj
                0x080056a8                tank_Init
 .text.tankMove_clear
                0x08005798      0x7fc CMakeFiles/TankWar.elf.dir/Core/Src/tank.c.obj
                0x08005798                tankMove_clear
 .text.drawTank
                0x08005f94       0x56 CMakeFiles/TankWar.elf.dir/Core/Src/tank.c.obj
                0x08005f94                drawTank
 *fill*         0x08005fea        0x2 
 .text.tank_Destroy
                0x08005fec       0x4c CMakeFiles/TankWar.elf.dir/Core/Src/tank.c.obj
                0x08005fec                tank_Destroy
 .text.IsTargetCrashTargets
                0x08006038       0xe8 CMakeFiles/TankWar.elf.dir/Core/Src/target.c.obj
                0x08006038                IsTargetCrashTargets
 .text.targetInit
                0x08006120       0xcc CMakeFiles/TankWar.elf.dir/Core/Src/target.c.obj
                0x08006120                targetInit
 .text.drawTarget
                0x080061ec       0x2c CMakeFiles/TankWar.elf.dir/Core/Src/target.c.obj
                0x080061ec                drawTarget
 .text.target_Destroy
                0x08006218       0x30 CMakeFiles/TankWar.elf.dir/Core/Src/target.c.obj
                0x08006218                target_Destroy
 .text.IsBulletCrashTarget
                0x08006248       0x94 CMakeFiles/TankWar.elf.dir/Core/Src/target.c.obj
                0x08006248                IsBulletCrashTarget
 .text.Reset_Handler
                0x080062dc       0x50 CMakeFiles/TankWar.elf.dir/Core/Startup/startup_stm32g474retx.s.obj
                0x080062dc                Reset_Handler
 .text.Default_Handler
                0x0800632c        0x2 CMakeFiles/TankWar.elf.dir/Core/Startup/startup_stm32g474retx.s.obj
                0x0800632c                RTC_Alarm_IRQHandler
                0x0800632c                EXTI2_IRQHandler
                0x0800632c                TIM8_TRG_COM_IRQHandler
                0x0800632c                TIM8_CC_IRQHandler
                0x0800632c                HRTIM1_Master_IRQHandler
                0x0800632c                SPI4_IRQHandler
                0x0800632c                FDCAN3_IT0_IRQHandler
                0x0800632c                TIM1_CC_IRQHandler
                0x0800632c                HRTIM1_FLT_IRQHandler
                0x0800632c                HRTIM1_TIMF_IRQHandler
                0x0800632c                USB_HP_IRQHandler
                0x0800632c                CORDIC_IRQHandler
                0x0800632c                HRTIM1_TIMD_IRQHandler
                0x0800632c                DMA2_Channel8_IRQHandler
                0x0800632c                EXTI3_IRQHandler
                0x0800632c                I2C3_ER_IRQHandler
                0x0800632c                EXTI0_IRQHandler
                0x0800632c                I2C2_EV_IRQHandler
                0x0800632c                FPU_IRQHandler
                0x0800632c                FDCAN1_IT1_IRQHandler
                0x0800632c                TIM1_UP_TIM16_IRQHandler
                0x0800632c                ADC1_2_IRQHandler
                0x0800632c                HRTIM1_TIME_IRQHandler
                0x0800632c                SPI1_IRQHandler
                0x0800632c                HRTIM1_TIMC_IRQHandler
                0x0800632c                TIM8_UP_IRQHandler
                0x0800632c                DMA2_Channel2_IRQHandler
                0x0800632c                DMA1_Channel4_IRQHandler
                0x0800632c                TIM20_TRG_COM_IRQHandler
                0x0800632c                USART3_IRQHandler
                0x0800632c                DMA1_Channel7_IRQHandler
                0x0800632c                UART5_IRQHandler
                0x0800632c                ADC3_IRQHandler
                0x0800632c                DMA2_Channel1_IRQHandler
                0x0800632c                QUADSPI_IRQHandler
                0x0800632c                I2C1_EV_IRQHandler
                0x0800632c                DMA1_Channel6_IRQHandler
                0x0800632c                UART4_IRQHandler
                0x0800632c                DMA2_Channel4_IRQHandler
                0x0800632c                TIM3_IRQHandler
                0x0800632c                RCC_IRQHandler
                0x0800632c                TIM20_UP_IRQHandler
                0x0800632c                DMA1_Channel1_IRQHandler
                0x0800632c                Default_Handler
                0x0800632c                DMA2_Channel7_IRQHandler
                0x0800632c                RTC_TAMP_LSECSS_IRQHandler
                0x0800632c                FMAC_IRQHandler
                0x0800632c                DMA1_Channel8_IRQHandler
                0x0800632c                HRTIM1_TIMA_IRQHandler
                0x0800632c                TIM7_DAC_IRQHandler
                0x0800632c                FDCAN3_IT1_IRQHandler
                0x0800632c                UCPD1_IRQHandler
                0x0800632c                I2C3_EV_IRQHandler
                0x0800632c                EXTI9_5_IRQHandler
                0x0800632c                RTC_WKUP_IRQHandler
                0x0800632c                PVD_PVM_IRQHandler
                0x0800632c                SPI2_IRQHandler
                0x0800632c                ADC5_IRQHandler
                0x0800632c                DMA2_Channel5_IRQHandler
                0x0800632c                CRS_IRQHandler
                0x0800632c                DMA1_Channel5_IRQHandler
                0x0800632c                USB_LP_IRQHandler
                0x0800632c                EXTI4_IRQHandler
                0x0800632c                HRTIM1_TIMB_IRQHandler
                0x0800632c                TIM1_TRG_COM_TIM17_IRQHandler
                0x0800632c                FDCAN2_IT1_IRQHandler
                0x0800632c                ADC4_IRQHandler
                0x0800632c                WWDG_IRQHandler
                0x0800632c                I2C4_EV_IRQHandler
                0x0800632c                FDCAN2_IT0_IRQHandler
                0x0800632c                LPUART1_IRQHandler
                0x0800632c                DMA2_Channel6_IRQHandler
                0x0800632c                FDCAN1_IT0_IRQHandler
                0x0800632c                TIM2_IRQHandler
                0x0800632c                COMP7_IRQHandler
                0x0800632c                COMP1_2_3_IRQHandler
                0x0800632c                EXTI1_IRQHandler
                0x0800632c                USART2_IRQHandler
                0x0800632c                COMP4_5_6_IRQHandler
                0x0800632c                TIM20_BRK_IRQHandler
                0x0800632c                I2C2_ER_IRQHandler
                0x0800632c                DMA1_Channel2_IRQHandler
                0x0800632c                TIM8_BRK_IRQHandler
                0x0800632c                FLASH_IRQHandler
                0x0800632c                TIM20_CC_IRQHandler
                0x0800632c                USART1_IRQHandler
                0x0800632c                SPI3_IRQHandler
                0x0800632c                I2C1_ER_IRQHandler
                0x0800632c                FMC_IRQHandler
                0x0800632c                LPTIM1_IRQHandler
                0x0800632c                DMAMUX_OVR_IRQHandler
                0x0800632c                I2C4_ER_IRQHandler
                0x0800632c                USBWakeUp_IRQHandler
                0x0800632c                SAI1_IRQHandler
                0x0800632c                DMA2_Channel3_IRQHandler
                0x0800632c                TIM1_BRK_TIM15_IRQHandler
 *fill*         0x0800632e        0x2 
 .text.HAL_InitTick
                0x08006330       0x50 CMakeFiles/TankWar.elf.dir/Drivers/STM32G4xx_HAL_Driver/Src/stm32g4xx_hal.c.obj
                0x08006330                HAL_InitTick
 .text.HAL_Init
                0x08006380       0x1e CMakeFiles/TankWar.elf.dir/Drivers/STM32G4xx_HAL_Driver/Src/stm32g4xx_hal.c.obj
                0x08006380                HAL_Init
 *fill*         0x0800639e        0x2 
 .text.HAL_IncTick
                0x080063a0       0x18 CMakeFiles/TankWar.elf.dir/Drivers/STM32G4xx_HAL_Driver/Src/stm32g4xx_hal.c.obj
                0x080063a0                HAL_IncTick
 .text.HAL_GetTick
                0x080063b8        0xc CMakeFiles/TankWar.elf.dir/Drivers/STM32G4xx_HAL_Driver/Src/stm32g4xx_hal.c.obj
                0x080063b8                HAL_GetTick
 .text.HAL_Delay
                0x080063c4       0x28 CMakeFiles/TankWar.elf.dir/Drivers/STM32G4xx_HAL_Driver/Src/stm32g4xx_hal.c.obj
                0x080063c4                HAL_Delay
 .text.LL_ADC_REG_SetSequencerRanks
                0x080063ec       0x2e CMakeFiles/TankWar.elf.dir/Drivers/STM32G4xx_HAL_Driver/Src/stm32g4xx_hal_adc.c.obj
 .text.LL_ADC_SetChannelSamplingTime
                0x0800641a       0x2a CMakeFiles/TankWar.elf.dir/Drivers/STM32G4xx_HAL_Driver/Src/stm32g4xx_hal_adc.c.obj
 .text.HAL_ADC_Init
                0x08006444      0x2a8 CMakeFiles/TankWar.elf.dir/Drivers/STM32G4xx_HAL_Driver/Src/stm32g4xx_hal_adc.c.obj
                0x08006444                HAL_ADC_Init
 .text.HAL_ADC_PollForConversion
                0x080066ec      0x158 CMakeFiles/TankWar.elf.dir/Drivers/STM32G4xx_HAL_Driver/Src/stm32g4xx_hal_adc.c.obj
                0x080066ec                HAL_ADC_PollForConversion
 .text.HAL_ADC_GetValue
                0x08006844        0x6 CMakeFiles/TankWar.elf.dir/Drivers/STM32G4xx_HAL_Driver/Src/stm32g4xx_hal_adc.c.obj
                0x08006844                HAL_ADC_GetValue
 *fill*         0x0800684a        0x2 
 .text.HAL_ADC_ConfigChannel
                0x0800684c      0x4b4 CMakeFiles/TankWar.elf.dir/Drivers/STM32G4xx_HAL_Driver/Src/stm32g4xx_hal_adc.c.obj
                0x0800684c                HAL_ADC_ConfigChannel
 .text.ADC_ConversionStop
                0x08006d00      0x104 CMakeFiles/TankWar.elf.dir/Drivers/STM32G4xx_HAL_Driver/Src/stm32g4xx_hal_adc.c.obj
                0x08006d00                ADC_ConversionStop
 .text.ADC_Enable
                0x08006e04       0x98 CMakeFiles/TankWar.elf.dir/Drivers/STM32G4xx_HAL_Driver/Src/stm32g4xx_hal_adc.c.obj
                0x08006e04                ADC_Enable
 .text.HAL_ADC_Start
                0x08006e9c      0x134 CMakeFiles/TankWar.elf.dir/Drivers/STM32G4xx_HAL_Driver/Src/stm32g4xx_hal_adc.c.obj
                0x08006e9c                HAL_ADC_Start
 .text.ADC_Disable
                0x08006fd0       0x94 CMakeFiles/TankWar.elf.dir/Drivers/STM32G4xx_HAL_Driver/Src/stm32g4xx_hal_adc.c.obj
                0x08006fd0                ADC_Disable
 .text.HAL_ADC_Stop
                0x08007064       0x42 CMakeFiles/TankWar.elf.dir/Drivers/STM32G4xx_HAL_Driver/Src/stm32g4xx_hal_adc.c.obj
                0x08007064                HAL_ADC_Stop
 *fill*         0x080070a6        0x2 
 .text.HAL_ADCEx_MultiModeConfigChannel
                0x080070a8      0x1d0 CMakeFiles/TankWar.elf.dir/Drivers/STM32G4xx_HAL_Driver/Src/stm32g4xx_hal_adc_ex.c.obj
                0x080070a8                HAL_ADCEx_MultiModeConfigChannel
 .text.__NVIC_EnableIRQ
                0x08007278       0x1c CMakeFiles/TankWar.elf.dir/Drivers/STM32G4xx_HAL_Driver/Src/stm32g4xx_hal_cortex.c.obj
 .text.__NVIC_SetPriority
                0x08007294       0x28 CMakeFiles/TankWar.elf.dir/Drivers/STM32G4xx_HAL_Driver/Src/stm32g4xx_hal_cortex.c.obj
 .text.NVIC_EncodePriority
                0x080072bc       0x3e CMakeFiles/TankWar.elf.dir/Drivers/STM32G4xx_HAL_Driver/Src/stm32g4xx_hal_cortex.c.obj
 *fill*         0x080072fa        0x2 
 .text.__NVIC_SystemReset
                0x080072fc       0x24 CMakeFiles/TankWar.elf.dir/Drivers/STM32G4xx_HAL_Driver/Src/stm32g4xx_hal_cortex.c.obj
 .text.HAL_NVIC_SetPriorityGrouping
                0x08007320       0x24 CMakeFiles/TankWar.elf.dir/Drivers/STM32G4xx_HAL_Driver/Src/stm32g4xx_hal_cortex.c.obj
                0x08007320                HAL_NVIC_SetPriorityGrouping
 .text.HAL_NVIC_SetPriority
                0x08007344       0x20 CMakeFiles/TankWar.elf.dir/Drivers/STM32G4xx_HAL_Driver/Src/stm32g4xx_hal_cortex.c.obj
                0x08007344                HAL_NVIC_SetPriority
 .text.HAL_NVIC_EnableIRQ
                0x08007364        0x8 CMakeFiles/TankWar.elf.dir/Drivers/STM32G4xx_HAL_Driver/Src/stm32g4xx_hal_cortex.c.obj
                0x08007364                HAL_NVIC_EnableIRQ
 .text.HAL_NVIC_SystemReset
                0x0800736c        0x6 CMakeFiles/TankWar.elf.dir/Drivers/STM32G4xx_HAL_Driver/Src/stm32g4xx_hal_cortex.c.obj
                0x0800736c                HAL_NVIC_SystemReset
 *fill*         0x08007372        0x2 
 .text.HAL_SYSTICK_Config
                0x08007374       0x28 CMakeFiles/TankWar.elf.dir/Drivers/STM32G4xx_HAL_Driver/Src/stm32g4xx_hal_cortex.c.obj
                0x08007374                HAL_SYSTICK_Config
 .text.DMA_SetConfig
                0x0800739c       0x4e CMakeFiles/TankWar.elf.dir/Drivers/STM32G4xx_HAL_Driver/Src/stm32g4xx_hal_dma.c.obj
 *fill*         0x080073ea        0x2 
 .text.DMA_CalcDMAMUXChannelBaseAndMask
                0x080073ec       0x48 CMakeFiles/TankWar.elf.dir/Drivers/STM32G4xx_HAL_Driver/Src/stm32g4xx_hal_dma.c.obj
 .text.DMA_CalcDMAMUXRequestGenBaseAndMask
                0x08007434       0x28 CMakeFiles/TankWar.elf.dir/Drivers/STM32G4xx_HAL_Driver/Src/stm32g4xx_hal_dma.c.obj
 .text.HAL_DMA_Init
                0x0800745c       0xd8 CMakeFiles/TankWar.elf.dir/Drivers/STM32G4xx_HAL_Driver/Src/stm32g4xx_hal_dma.c.obj
                0x0800745c                HAL_DMA_Init
 .text.HAL_DMA_Start_IT
                0x08007534       0x94 CMakeFiles/TankWar.elf.dir/Drivers/STM32G4xx_HAL_Driver/Src/stm32g4xx_hal_dma.c.obj
                0x08007534                HAL_DMA_Start_IT
 .text.HAL_DMA_IRQHandler
                0x080075c8       0xc4 CMakeFiles/TankWar.elf.dir/Drivers/STM32G4xx_HAL_Driver/Src/stm32g4xx_hal_dma.c.obj
                0x080075c8                HAL_DMA_IRQHandler
 .text.HAL_GPIO_Init
                0x0800768c      0x1dc CMakeFiles/TankWar.elf.dir/Drivers/STM32G4xx_HAL_Driver/Src/stm32g4xx_hal_gpio.c.obj
                0x0800768c                HAL_GPIO_Init
 .text.HAL_GPIO_ReadPin
                0x08007868        0xe CMakeFiles/TankWar.elf.dir/Drivers/STM32G4xx_HAL_Driver/Src/stm32g4xx_hal_gpio.c.obj
                0x08007868                HAL_GPIO_ReadPin
 .text.HAL_GPIO_WritePin
                0x08007876        0xa CMakeFiles/TankWar.elf.dir/Drivers/STM32G4xx_HAL_Driver/Src/stm32g4xx_hal_gpio.c.obj
                0x08007876                HAL_GPIO_WritePin
 .text.HAL_GPIO_EXTI_Callback
                0x08007880        0x2 CMakeFiles/TankWar.elf.dir/Drivers/STM32G4xx_HAL_Driver/Src/stm32g4xx_hal_gpio.c.obj
                0x08007880                HAL_GPIO_EXTI_Callback
 *fill*         0x08007882        0x2 
 .text.HAL_GPIO_EXTI_IRQHandler
                0x08007884       0x1c CMakeFiles/TankWar.elf.dir/Drivers/STM32G4xx_HAL_Driver/Src/stm32g4xx_hal_gpio.c.obj
                0x08007884                HAL_GPIO_EXTI_IRQHandler
 .text.I2C_Flush_TXDR
                0x080078a0       0x22 CMakeFiles/TankWar.elf.dir/Drivers/STM32G4xx_HAL_Driver/Src/stm32g4xx_hal_i2c.c.obj
 .text.I2C_TransferConfig
                0x080078c2       0x3a CMakeFiles/TankWar.elf.dir/Drivers/STM32G4xx_HAL_Driver/Src/stm32g4xx_hal_i2c.c.obj
 .text.I2C_IsErrorOccurred
                0x080078fc      0x12c CMakeFiles/TankWar.elf.dir/Drivers/STM32G4xx_HAL_Driver/Src/stm32g4xx_hal_i2c.c.obj
 .text.I2C_WaitOnTXISFlagUntilTimeout
                0x08007a28       0x56 CMakeFiles/TankWar.elf.dir/Drivers/STM32G4xx_HAL_Driver/Src/stm32g4xx_hal_i2c.c.obj
 .text.I2C_WaitOnFlagUntilTimeout
                0x08007a7e       0x56 CMakeFiles/TankWar.elf.dir/Drivers/STM32G4xx_HAL_Driver/Src/stm32g4xx_hal_i2c.c.obj
 .text.I2C_RequestMemoryWrite
                0x08007ad4       0x7c CMakeFiles/TankWar.elf.dir/Drivers/STM32G4xx_HAL_Driver/Src/stm32g4xx_hal_i2c.c.obj
 .text.I2C_RequestMemoryRead
                0x08007b50       0x78 CMakeFiles/TankWar.elf.dir/Drivers/STM32G4xx_HAL_Driver/Src/stm32g4xx_hal_i2c.c.obj
 .text.I2C_WaitOnSTOPFlagUntilTimeout
                0x08007bc8       0x50 CMakeFiles/TankWar.elf.dir/Drivers/STM32G4xx_HAL_Driver/Src/stm32g4xx_hal_i2c.c.obj
 .text.HAL_I2C_Init
                0x08007c18       0xbc CMakeFiles/TankWar.elf.dir/Drivers/STM32G4xx_HAL_Driver/Src/stm32g4xx_hal_i2c.c.obj
                0x08007c18                HAL_I2C_Init
 .text.HAL_I2C_Mem_Write
                0x08007cd4      0x1a8 CMakeFiles/TankWar.elf.dir/Drivers/STM32G4xx_HAL_Driver/Src/stm32g4xx_hal_i2c.c.obj
                0x08007cd4                HAL_I2C_Mem_Write
 .text.HAL_I2C_Mem_Read
                0x08007e7c      0x1b0 CMakeFiles/TankWar.elf.dir/Drivers/STM32G4xx_HAL_Driver/Src/stm32g4xx_hal_i2c.c.obj
                0x08007e7c                HAL_I2C_Mem_Read
 .text.HAL_I2CEx_ConfigAnalogFilter
                0x0800802c       0x5c CMakeFiles/TankWar.elf.dir/Drivers/STM32G4xx_HAL_Driver/Src/stm32g4xx_hal_i2c_ex.c.obj
                0x0800802c                HAL_I2CEx_ConfigAnalogFilter
 .text.HAL_I2CEx_ConfigDigitalFilter
                0x08008088       0x58 CMakeFiles/TankWar.elf.dir/Drivers/STM32G4xx_HAL_Driver/Src/stm32g4xx_hal_i2c_ex.c.obj
                0x08008088                HAL_I2CEx_ConfigDigitalFilter
 .text.HAL_PWREx_ControlVoltageScaling
                0x080080e0      0x10c CMakeFiles/TankWar.elf.dir/Drivers/STM32G4xx_HAL_Driver/Src/stm32g4xx_hal_pwr_ex.c.obj
                0x080080e0                HAL_PWREx_ControlVoltageScaling
 .text.HAL_PWREx_DisableUCPDDeadBattery
                0x080081ec       0x10 CMakeFiles/TankWar.elf.dir/Drivers/STM32G4xx_HAL_Driver/Src/stm32g4xx_hal_pwr_ex.c.obj
                0x080081ec                HAL_PWREx_DisableUCPDDeadBattery
 .text.RCC_GetSysClockFreqFromPLLSource
                0x080081fc       0x58 CMakeFiles/TankWar.elf.dir/Drivers/STM32G4xx_HAL_Driver/Src/stm32g4xx_hal_rcc.c.obj
 .text.HAL_RCC_OscConfig
                0x08008254      0x4e8 CMakeFiles/TankWar.elf.dir/Drivers/STM32G4xx_HAL_Driver/Src/stm32g4xx_hal_rcc.c.obj
                0x08008254                HAL_RCC_OscConfig
 .text.HAL_RCC_GetSysClockFreq
                0x0800873c       0x88 CMakeFiles/TankWar.elf.dir/Drivers/STM32G4xx_HAL_Driver/Src/stm32g4xx_hal_rcc.c.obj
                0x0800873c                HAL_RCC_GetSysClockFreq
 .text.HAL_RCC_ClockConfig
                0x080087c4      0x1f8 CMakeFiles/TankWar.elf.dir/Drivers/STM32G4xx_HAL_Driver/Src/stm32g4xx_hal_rcc.c.obj
                0x080087c4                HAL_RCC_ClockConfig
 .text.HAL_RCC_GetHCLKFreq
                0x080089bc        0xc CMakeFiles/TankWar.elf.dir/Drivers/STM32G4xx_HAL_Driver/Src/stm32g4xx_hal_rcc.c.obj
                0x080089bc                HAL_RCC_GetHCLKFreq
 .text.HAL_RCC_GetPCLK1Freq
                0x080089c8       0x24 CMakeFiles/TankWar.elf.dir/Drivers/STM32G4xx_HAL_Driver/Src/stm32g4xx_hal_rcc.c.obj
                0x080089c8                HAL_RCC_GetPCLK1Freq
 .text.HAL_RCC_GetPCLK2Freq
                0x080089ec       0x24 CMakeFiles/TankWar.elf.dir/Drivers/STM32G4xx_HAL_Driver/Src/stm32g4xx_hal_rcc.c.obj
                0x080089ec                HAL_RCC_GetPCLK2Freq
 .text.HAL_RCCEx_PeriphCLKConfig
                0x08008a10      0x378 CMakeFiles/TankWar.elf.dir/Drivers/STM32G4xx_HAL_Driver/Src/stm32g4xx_hal_rcc_ex.c.obj
                0x08008a10                HAL_RCCEx_PeriphCLKConfig
 .text.HAL_RCCEx_GetPeriphCLKFreq
                0x08008d88      0x794 CMakeFiles/TankWar.elf.dir/Drivers/STM32G4xx_HAL_Driver/Src/stm32g4xx_hal_rcc_ex.c.obj
                0x08008d88                HAL_RCCEx_GetPeriphCLKFreq
 .text.HAL_RNG_Init
                0x0800951c       0x3c CMakeFiles/TankWar.elf.dir/Drivers/STM32G4xx_HAL_Driver/Src/stm32g4xx_hal_rng.c.obj
                0x0800951c                HAL_RNG_Init
 .text.HAL_RNG_GenerateRandomNumber
                0x08009558       0x6e CMakeFiles/TankWar.elf.dir/Drivers/STM32G4xx_HAL_Driver/Src/stm32g4xx_hal_rng.c.obj
                0x08009558                HAL_RNG_GenerateRandomNumber
 .text.HAL_RNG_ReadyDataCallback
                0x080095c6        0x2 CMakeFiles/TankWar.elf.dir/Drivers/STM32G4xx_HAL_Driver/Src/stm32g4xx_hal_rng.c.obj
                0x080095c6                HAL_RNG_ReadyDataCallback
 .text.HAL_RNG_ErrorCallback
                0x080095c8        0x2 CMakeFiles/TankWar.elf.dir/Drivers/STM32G4xx_HAL_Driver/Src/stm32g4xx_hal_rng.c.obj
                0x080095c8                HAL_RNG_ErrorCallback
 .text.HAL_RNG_IRQHandler
                0x080095ca       0x60 CMakeFiles/TankWar.elf.dir/Drivers/STM32G4xx_HAL_Driver/Src/stm32g4xx_hal_rng.c.obj
                0x080095ca                HAL_RNG_IRQHandler
 .text.SAI_InitI2S
                0x0800962a      0x128 CMakeFiles/TankWar.elf.dir/Drivers/STM32G4xx_HAL_Driver/Src/stm32g4xx_hal_sai.c.obj
 .text.SAI_InitPCM
                0x08009752       0x92 CMakeFiles/TankWar.elf.dir/Drivers/STM32G4xx_HAL_Driver/Src/stm32g4xx_hal_sai.c.obj
 .text.SAI_InterruptFlag
                0x080097e4       0x34 CMakeFiles/TankWar.elf.dir/Drivers/STM32G4xx_HAL_Driver/Src/stm32g4xx_hal_sai.c.obj
 .text.SAI_Disable
                0x08009818       0x44 CMakeFiles/TankWar.elf.dir/Drivers/STM32G4xx_HAL_Driver/Src/stm32g4xx_hal_sai.c.obj
 .text.HAL_SAI_Init
                0x0800985c      0x280 CMakeFiles/TankWar.elf.dir/Drivers/STM32G4xx_HAL_Driver/Src/stm32g4xx_hal_sai.c.obj
                0x0800985c                HAL_SAI_Init
 .text.HAL_SAI_InitProtocol
                0x08009adc       0x2a CMakeFiles/TankWar.elf.dir/Drivers/STM32G4xx_HAL_Driver/Src/stm32g4xx_hal_sai.c.obj
                0x08009adc                HAL_SAI_InitProtocol
 *fill*         0x08009b06        0x2 
 .text.HAL_SAI_Transmit_DMA
                0x08009b08      0x110 CMakeFiles/TankWar.elf.dir/Drivers/STM32G4xx_HAL_Driver/Src/stm32g4xx_hal_sai.c.obj
                0x08009b08                HAL_SAI_Transmit_DMA
 .text.SAI_DMATxCplt
                0x08009c18       0x38 CMakeFiles/TankWar.elf.dir/Drivers/STM32G4xx_HAL_Driver/Src/stm32g4xx_hal_sai.c.obj
 .text.HAL_SAI_TxHalfCpltCallback
                0x08009c50        0x2 CMakeFiles/TankWar.elf.dir/Drivers/STM32G4xx_HAL_Driver/Src/stm32g4xx_hal_sai.c.obj
                0x08009c50                HAL_SAI_TxHalfCpltCallback
 .text.SAI_DMATxHalfCplt
                0x08009c52        0xa CMakeFiles/TankWar.elf.dir/Drivers/STM32G4xx_HAL_Driver/Src/stm32g4xx_hal_sai.c.obj
 .text.HAL_SAI_ErrorCallback
                0x08009c5c        0x2 CMakeFiles/TankWar.elf.dir/Drivers/STM32G4xx_HAL_Driver/Src/stm32g4xx_hal_sai.c.obj
                0x08009c5c                HAL_SAI_ErrorCallback
 .text.SAI_DMAError
                0x08009c5e       0x34 CMakeFiles/TankWar.elf.dir/Drivers/STM32G4xx_HAL_Driver/Src/stm32g4xx_hal_sai.c.obj
 .text.TIM_TI1_ConfigInputStage
                0x08009c92       0x24 CMakeFiles/TankWar.elf.dir/Drivers/STM32G4xx_HAL_Driver/Src/stm32g4xx_hal_tim.c.obj
 .text.TIM_TI2_ConfigInputStage
                0x08009cb6       0x26 CMakeFiles/TankWar.elf.dir/Drivers/STM32G4xx_HAL_Driver/Src/stm32g4xx_hal_tim.c.obj
 .text.TIM_ITRx_SetConfig
                0x08009cdc       0x14 CMakeFiles/TankWar.elf.dir/Drivers/STM32G4xx_HAL_Driver/Src/stm32g4xx_hal_tim.c.obj
 .text.HAL_TIM_Base_Start_IT
                0x08009cf0       0x94 CMakeFiles/TankWar.elf.dir/Drivers/STM32G4xx_HAL_Driver/Src/stm32g4xx_hal_tim.c.obj
                0x08009cf0                HAL_TIM_Base_Start_IT
 .text.HAL_TIM_OC_DelayElapsedCallback
                0x08009d84        0x2 CMakeFiles/TankWar.elf.dir/Drivers/STM32G4xx_HAL_Driver/Src/stm32g4xx_hal_tim.c.obj
                0x08009d84                HAL_TIM_OC_DelayElapsedCallback
 .text.HAL_TIM_IC_CaptureCallback
                0x08009d86        0x2 CMakeFiles/TankWar.elf.dir/Drivers/STM32G4xx_HAL_Driver/Src/stm32g4xx_hal_tim.c.obj
                0x08009d86                HAL_TIM_IC_CaptureCallback
 .text.HAL_TIM_PWM_PulseFinishedCallback
                0x08009d88        0x2 CMakeFiles/TankWar.elf.dir/Drivers/STM32G4xx_HAL_Driver/Src/stm32g4xx_hal_tim.c.obj
                0x08009d88                HAL_TIM_PWM_PulseFinishedCallback
 .text.HAL_TIM_TriggerCallback
                0x08009d8a        0x2 CMakeFiles/TankWar.elf.dir/Drivers/STM32G4xx_HAL_Driver/Src/stm32g4xx_hal_tim.c.obj
                0x08009d8a                HAL_TIM_TriggerCallback
 .text.HAL_TIM_IRQHandler
                0x08009d8c      0x21e CMakeFiles/TankWar.elf.dir/Drivers/STM32G4xx_HAL_Driver/Src/stm32g4xx_hal_tim.c.obj
                0x08009d8c                HAL_TIM_IRQHandler
 *fill*         0x08009faa        0x2 
 .text.TIM_Base_SetConfig
                0x08009fac       0xe0 CMakeFiles/TankWar.elf.dir/Drivers/STM32G4xx_HAL_Driver/Src/stm32g4xx_hal_tim.c.obj
                0x08009fac                TIM_Base_SetConfig
 .text.HAL_TIM_Base_Init
                0x0800a08c       0x60 CMakeFiles/TankWar.elf.dir/Drivers/STM32G4xx_HAL_Driver/Src/stm32g4xx_hal_tim.c.obj
                0x0800a08c                HAL_TIM_Base_Init
 .text.TIM_ETR_SetConfig
                0x0800a0ec       0x18 CMakeFiles/TankWar.elf.dir/Drivers/STM32G4xx_HAL_Driver/Src/stm32g4xx_hal_tim.c.obj
                0x0800a0ec                TIM_ETR_SetConfig
 .text.HAL_TIM_ConfigClockSource
                0x0800a104      0x154 CMakeFiles/TankWar.elf.dir/Drivers/STM32G4xx_HAL_Driver/Src/stm32g4xx_hal_tim.c.obj
                0x0800a104                HAL_TIM_ConfigClockSource
 .text.HAL_TIMEx_MasterConfigSynchronization
                0x0800a258       0xac CMakeFiles/TankWar.elf.dir/Drivers/STM32G4xx_HAL_Driver/Src/stm32g4xx_hal_tim_ex.c.obj
                0x0800a258                HAL_TIMEx_MasterConfigSynchronization
 .text.HAL_TIMEx_CommutCallback
                0x0800a304        0x2 CMakeFiles/TankWar.elf.dir/Drivers/STM32G4xx_HAL_Driver/Src/stm32g4xx_hal_tim_ex.c.obj
                0x0800a304                HAL_TIMEx_CommutCallback
 .text.HAL_TIMEx_BreakCallback
                0x0800a306        0x2 CMakeFiles/TankWar.elf.dir/Drivers/STM32G4xx_HAL_Driver/Src/stm32g4xx_hal_tim_ex.c.obj
                0x0800a306                HAL_TIMEx_BreakCallback
 .text.HAL_TIMEx_Break2Callback
                0x0800a308        0x2 CMakeFiles/TankWar.elf.dir/Drivers/STM32G4xx_HAL_Driver/Src/stm32g4xx_hal_tim_ex.c.obj
                0x0800a308                HAL_TIMEx_Break2Callback
 .text.HAL_TIMEx_EncoderIndexCallback
                0x0800a30a        0x2 CMakeFiles/TankWar.elf.dir/Drivers/STM32G4xx_HAL_Driver/Src/stm32g4xx_hal_tim_ex.c.obj
                0x0800a30a                HAL_TIMEx_EncoderIndexCallback
 .text.HAL_TIMEx_DirectionChangeCallback
                0x0800a30c        0x2 CMakeFiles/TankWar.elf.dir/Drivers/STM32G4xx_HAL_Driver/Src/stm32g4xx_hal_tim_ex.c.obj
                0x0800a30c                HAL_TIMEx_DirectionChangeCallback
 .text.HAL_TIMEx_IndexErrorCallback
                0x0800a30e        0x2 CMakeFiles/TankWar.elf.dir/Drivers/STM32G4xx_HAL_Driver/Src/stm32g4xx_hal_tim_ex.c.obj
                0x0800a30e                HAL_TIMEx_IndexErrorCallback
 .text.HAL_TIMEx_TransitionErrorCallback
                0x0800a310        0x2 CMakeFiles/TankWar.elf.dir/Drivers/STM32G4xx_HAL_Driver/Src/stm32g4xx_hal_tim_ex.c.obj
                0x0800a310                HAL_TIMEx_TransitionErrorCallback
 *fill*         0x0800a312        0x2 
 .text.UART_SetConfig
                0x0800a314      0x388 CMakeFiles/TankWar.elf.dir/Drivers/STM32G4xx_HAL_Driver/Src/stm32g4xx_hal_uart.c.obj
                0x0800a314                UART_SetConfig
 .text.UART_AdvFeatureConfig
                0x0800a69c       0xca CMakeFiles/TankWar.elf.dir/Drivers/STM32G4xx_HAL_Driver/Src/stm32g4xx_hal_uart.c.obj
                0x0800a69c                UART_AdvFeatureConfig
 .text.UART_WaitOnFlagUntilTimeout
                0x0800a766       0xd8 CMakeFiles/TankWar.elf.dir/Drivers/STM32G4xx_HAL_Driver/Src/stm32g4xx_hal_uart.c.obj
                0x0800a766                UART_WaitOnFlagUntilTimeout
 .text.HAL_UART_Transmit
                0x0800a83e       0xde CMakeFiles/TankWar.elf.dir/Drivers/STM32G4xx_HAL_Driver/Src/stm32g4xx_hal_uart.c.obj
                0x0800a83e                HAL_UART_Transmit
 .text.UART_CheckIdleState
                0x0800a91c       0x74 CMakeFiles/TankWar.elf.dir/Drivers/STM32G4xx_HAL_Driver/Src/stm32g4xx_hal_uart.c.obj
                0x0800a91c                UART_CheckIdleState
 .text.HAL_UART_Init
                0x0800a990       0x66 CMakeFiles/TankWar.elf.dir/Drivers/STM32G4xx_HAL_Driver/Src/stm32g4xx_hal_uart.c.obj
                0x0800a990                HAL_UART_Init
 *fill*         0x0800a9f6        0x2 
 .text.UARTEx_SetNbDataToProcess
                0x0800a9f8       0x4c CMakeFiles/TankWar.elf.dir/Drivers/STM32G4xx_HAL_Driver/Src/stm32g4xx_hal_uart_ex.c.obj
 .text.HAL_UARTEx_DisableFifoMode
                0x0800aa44       0x3e CMakeFiles/TankWar.elf.dir/Drivers/STM32G4xx_HAL_Driver/Src/stm32g4xx_hal_uart_ex.c.obj
                0x0800aa44                HAL_UARTEx_DisableFifoMode
 .text.HAL_UARTEx_SetTxFifoThreshold
                0x0800aa82       0x4a CMakeFiles/TankWar.elf.dir/Drivers/STM32G4xx_HAL_Driver/Src/stm32g4xx_hal_uart_ex.c.obj
                0x0800aa82                HAL_UARTEx_SetTxFifoThreshold
 .text.HAL_UARTEx_SetRxFifoThreshold
                0x0800aacc       0x4a CMakeFiles/TankWar.elf.dir/Drivers/STM32G4xx_HAL_Driver/Src/stm32g4xx_hal_uart_ex.c.obj
                0x0800aacc                HAL_UARTEx_SetRxFifoThreshold
 .text.LL_GPIO_SetPinMode
                0x0800ab16       0x3a CMakeFiles/TankWar.elf.dir/Drivers/STM32G4xx_HAL_Driver/Src/stm32g4xx_ll_gpio.c.obj
 .text.LL_GPIO_SetPinSpeed
                0x0800ab50       0x3a CMakeFiles/TankWar.elf.dir/Drivers/STM32G4xx_HAL_Driver/Src/stm32g4xx_ll_gpio.c.obj
 .text.LL_GPIO_SetPinPull
                0x0800ab8a       0x3a CMakeFiles/TankWar.elf.dir/Drivers/STM32G4xx_HAL_Driver/Src/stm32g4xx_ll_gpio.c.obj
 .text.LL_GPIO_SetAFPin_0_7
                0x0800abc4       0x3a CMakeFiles/TankWar.elf.dir/Drivers/STM32G4xx_HAL_Driver/Src/stm32g4xx_ll_gpio.c.obj
 .text.LL_GPIO_SetAFPin_8_15
                0x0800abfe       0x3c CMakeFiles/TankWar.elf.dir/Drivers/STM32G4xx_HAL_Driver/Src/stm32g4xx_ll_gpio.c.obj
 .text.LL_GPIO_Init
                0x0800ac3a       0x88 CMakeFiles/TankWar.elf.dir/Drivers/STM32G4xx_HAL_Driver/Src/stm32g4xx_ll_gpio.c.obj
                0x0800ac3a                LL_GPIO_Init
 .text.LL_SPI_Init
                0x0800acc2       0x8a CMakeFiles/TankWar.elf.dir/Drivers/STM32G4xx_HAL_Driver/Src/stm32g4xx_ll_spi.c.obj
                0x0800acc2                LL_SPI_Init
 .text.LL_mDelay
                0x0800ad4c       0x2a CMakeFiles/TankWar.elf.dir/Drivers/STM32G4xx_HAL_Driver/Src/stm32g4xx_ll_utils.c.obj
                0x0800ad4c                LL_mDelay
 *fill*         0x0800ad76        0x2 
 .text.__udivmoddi4
                0x0800ad78      0x2bc c:/progra~2/armgnu~1/12977f~1.2mp/bin/../lib/gcc/arm-none-eabi/12.2.1/thumb/v7e-m/nofp\libgcc.a(_udivmoddi4.o)
                0x0800ad78                __udivmoddi4
 .text.exit     0x0800b034       0x1c c:/progra~2/armgnu~1/12977f~1.2mp/bin/../lib/gcc/arm-none-eabi/12.2.1/thumb/v7e-m/nofp\libg.a(libc_a-exit.o)
                0x0800b034                exit
 .text.malloc   0x0800b050       0x10 c:/progra~2/armgnu~1/12977f~1.2mp/bin/../lib/gcc/arm-none-eabi/12.2.1/thumb/v7e-m/nofp\libg.a(libc_a-malloc.o)
                0x0800b050                malloc
 .text.free     0x0800b060       0x10 c:/progra~2/armgnu~1/12977f~1.2mp/bin/../lib/gcc/arm-none-eabi/12.2.1/thumb/v7e-m/nofp\libg.a(libc_a-malloc.o)
                0x0800b060                free
 .text._malloc_r
                0x0800b070      0x574 c:/progra~2/armgnu~1/12977f~1.2mp/bin/../lib/gcc/arm-none-eabi/12.2.1/thumb/v7e-m/nofp\libg.a(libc_a-mallocr.o)
                0x0800b070                _malloc_r
 .text.__malloc_lock
                0x0800b5e4        0xc c:/progra~2/armgnu~1/12977f~1.2mp/bin/../lib/gcc/arm-none-eabi/12.2.1/thumb/v7e-m/nofp\libg.a(libc_a-mlock.o)
                0x0800b5e4                __malloc_lock
 .text.__malloc_unlock
                0x0800b5f0        0xc c:/progra~2/armgnu~1/12977f~1.2mp/bin/../lib/gcc/arm-none-eabi/12.2.1/thumb/v7e-m/nofp\libg.a(libc_a-mlock.o)
                0x0800b5f0                __malloc_unlock
 .text.stdio_exit_handler
                0x0800b5fc       0x18 c:/progra~2/armgnu~1/12977f~1.2mp/bin/../lib/gcc/arm-none-eabi/12.2.1/thumb/v7e-m/nofp\libg.a(libc_a-findfp.o)
 .text.cleanup_stdio
                0x0800b614       0x40 c:/progra~2/armgnu~1/12977f~1.2mp/bin/../lib/gcc/arm-none-eabi/12.2.1/thumb/v7e-m/nofp\libg.a(libc_a-findfp.o)
 .text.global_stdio_init.part.0
                0x0800b654       0xf0 c:/progra~2/armgnu~1/12977f~1.2mp/bin/../lib/gcc/arm-none-eabi/12.2.1/thumb/v7e-m/nofp\libg.a(libc_a-findfp.o)
 .text.__sinit  0x0800b744       0x3c c:/progra~2/armgnu~1/12977f~1.2mp/bin/../lib/gcc/arm-none-eabi/12.2.1/thumb/v7e-m/nofp\libg.a(libc_a-findfp.o)
                0x0800b744                __sinit
 .text.__sfp_lock_acquire
                0x0800b780        0xc c:/progra~2/armgnu~1/12977f~1.2mp/bin/../lib/gcc/arm-none-eabi/12.2.1/thumb/v7e-m/nofp\libg.a(libc_a-findfp.o)
                0x0800b780                __sfp_lock_acquire
 .text.__sfp_lock_release
                0x0800b78c        0xc c:/progra~2/armgnu~1/12977f~1.2mp/bin/../lib/gcc/arm-none-eabi/12.2.1/thumb/v7e-m/nofp\libg.a(libc_a-findfp.o)
                0x0800b78c                __sfp_lock_release
 .text._fwalk_sglue
                0x0800b798       0x48 c:/progra~2/armgnu~1/12977f~1.2mp/bin/../lib/gcc/arm-none-eabi/12.2.1/thumb/v7e-m/nofp\libg.a(libc_a-fwalk.o)
                0x0800b798                _fwalk_sglue
 .text._perror_r
                0x0800b7e0      0x11c c:/progra~2/armgnu~1/12977f~1.2mp/bin/../lib/gcc/arm-none-eabi/12.2.1/thumb/v7e-m/nofp\libg.a(libc_a-perror.o)
                0x0800b7e0                _perror_r
 .text.perror   0x0800b8fc       0x10 c:/progra~2/armgnu~1/12977f~1.2mp/bin/../lib/gcc/arm-none-eabi/12.2.1/thumb/v7e-m/nofp\libg.a(libc_a-perror.o)
                0x0800b8fc                perror
 .text.printf   0x0800b90c       0x28 c:/progra~2/armgnu~1/12977f~1.2mp/bin/../lib/gcc/arm-none-eabi/12.2.1/thumb/v7e-m/nofp\libg.a(libc_a-printf.o)
                0x0800b90c                printf
 .text._puts_r  0x0800b934       0x98 c:/progra~2/armgnu~1/12977f~1.2mp/bin/../lib/gcc/arm-none-eabi/12.2.1/thumb/v7e-m/nofp\libg.a(libc_a-puts.o)
                0x0800b934                _puts_r
 .text.puts     0x0800b9cc       0x10 c:/progra~2/armgnu~1/12977f~1.2mp/bin/../lib/gcc/arm-none-eabi/12.2.1/thumb/v7e-m/nofp\libg.a(libc_a-puts.o)
                0x0800b9cc                puts
 .text.__sread  0x0800b9dc       0x24 c:/progra~2/armgnu~1/12977f~1.2mp/bin/../lib/gcc/arm-none-eabi/12.2.1/thumb/v7e-m/nofp\libg.a(libc_a-stdio.o)
                0x0800b9dc                __sread
 .text.__swrite
                0x0800ba00       0x40 c:/progra~2/armgnu~1/12977f~1.2mp/bin/../lib/gcc/arm-none-eabi/12.2.1/thumb/v7e-m/nofp\libg.a(libc_a-stdio.o)
                0x0800ba00                __swrite
 .text.__sseek  0x0800ba40       0x24 c:/progra~2/armgnu~1/12977f~1.2mp/bin/../lib/gcc/arm-none-eabi/12.2.1/thumb/v7e-m/nofp\libg.a(libc_a-stdio.o)
                0x0800ba40                __sseek
 .text.__sclose
                0x0800ba64        0x8 c:/progra~2/armgnu~1/12977f~1.2mp/bin/../lib/gcc/arm-none-eabi/12.2.1/thumb/v7e-m/nofp\libg.a(libc_a-stdio.o)
                0x0800ba64                __sclose
 .text.memset   0x0800ba6c       0xa4 c:/progra~2/armgnu~1/12977f~1.2mp/bin/../lib/gcc/arm-none-eabi/12.2.1/thumb/v7e-m/nofp\libg.a(libc_a-memset.o)
                0x0800ba6c                memset
 .text._strerror_r
                0x0800bb10      0x3cc c:/progra~2/armgnu~1/12977f~1.2mp/bin/../lib/gcc/arm-none-eabi/12.2.1/thumb/v7e-m/nofp\libg.a(libc_a-strerror.o)
                0x0800bb10                _strerror_r
 .text._user_strerror
                0x0800bedc        0x4 c:/progra~2/armgnu~1/12977f~1.2mp/bin/../lib/gcc/arm-none-eabi/12.2.1/thumb/v7e-m/nofp\libg.a(libc_a-u_strerr.o)
                0x0800bedc                _user_strerror
 .text._close_r
                0x0800bee0       0x24 c:/progra~2/armgnu~1/12977f~1.2mp/bin/../lib/gcc/arm-none-eabi/12.2.1/thumb/v7e-m/nofp\libg.a(libc_a-closer.o)
                0x0800bee0                _close_r
 .text._lseek_r
                0x0800bf04       0x2c c:/progra~2/armgnu~1/12977f~1.2mp/bin/../lib/gcc/arm-none-eabi/12.2.1/thumb/v7e-m/nofp\libg.a(libc_a-lseekr.o)
                0x0800bf04                _lseek_r
 .text._read_r  0x0800bf30       0x2c c:/progra~2/armgnu~1/12977f~1.2mp/bin/../lib/gcc/arm-none-eabi/12.2.1/thumb/v7e-m/nofp\libg.a(libc_a-readr.o)
                0x0800bf30                _read_r
 .text._sbrk_r  0x0800bf5c       0x24 c:/progra~2/armgnu~1/12977f~1.2mp/bin/../lib/gcc/arm-none-eabi/12.2.1/thumb/v7e-m/nofp\libg.a(libc_a-sbrkr.o)
                0x0800bf5c                _sbrk_r
 .text._write_r
                0x0800bf80       0x2c c:/progra~2/armgnu~1/12977f~1.2mp/bin/../lib/gcc/arm-none-eabi/12.2.1/thumb/v7e-m/nofp\libg.a(libc_a-writer.o)
                0x0800bf80                _write_r
 .text.__errno  0x0800bfac        0xc c:/progra~2/armgnu~1/12977f~1.2mp/bin/../lib/gcc/arm-none-eabi/12.2.1/thumb/v7e-m/nofp\libg.a(libc_a-errno.o)
                0x0800bfac                __errno
 .text.__libc_init_array
                0x0800bfb8       0x50 c:/progra~2/armgnu~1/12977f~1.2mp/bin/../lib/gcc/arm-none-eabi/12.2.1/thumb/v7e-m/nofp\libg.a(libc_a-init.o)
                0x0800bfb8                __libc_init_array
 .text.__retarget_lock_init_recursive
                0x0800c008        0x4 c:/progra~2/armgnu~1/12977f~1.2mp/bin/../lib/gcc/arm-none-eabi/12.2.1/thumb/v7e-m/nofp\libg.a(libc_a-lock.o)
                0x0800c008                __retarget_lock_init_recursive
 .text.__retarget_lock_close_recursive
                0x0800c00c        0x4 c:/progra~2/armgnu~1/12977f~1.2mp/bin/../lib/gcc/arm-none-eabi/12.2.1/thumb/v7e-m/nofp\libg.a(libc_a-lock.o)
                0x0800c00c                __retarget_lock_close_recursive
 .text.__retarget_lock_acquire_recursive
                0x0800c010        0x4 c:/progra~2/armgnu~1/12977f~1.2mp/bin/../lib/gcc/arm-none-eabi/12.2.1/thumb/v7e-m/nofp\libg.a(libc_a-lock.o)
                0x0800c010                __retarget_lock_acquire_recursive
 .text.__retarget_lock_release_recursive
                0x0800c014        0x4 c:/progra~2/armgnu~1/12977f~1.2mp/bin/../lib/gcc/arm-none-eabi/12.2.1/thumb/v7e-m/nofp\libg.a(libc_a-lock.o)
                0x0800c014                __retarget_lock_release_recursive
 .text.sysconf  0x0800c018       0x1c c:/progra~2/armgnu~1/12977f~1.2mp/bin/../lib/gcc/arm-none-eabi/12.2.1/thumb/v7e-m/nofp\libg.a(libc_a-sysconf.o)
                0x0800c018                sysconf
 .text.startup.register_fini
                0x0800c034       0x14 c:/progra~2/armgnu~1/12977f~1.2mp/bin/../lib/gcc/arm-none-eabi/12.2.1/thumb/v7e-m/nofp\libg.a(libc_a-__call_atexit.o)
 .text.__call_exitprocs
                0x0800c048       0xb4 c:/progra~2/armgnu~1/12977f~1.2mp/bin/../lib/gcc/arm-none-eabi/12.2.1/thumb/v7e-m/nofp\libg.a(libc_a-__call_atexit.o)
                0x0800c048                __call_exitprocs
 .text.atexit   0x0800c0fc        0xc c:/progra~2/armgnu~1/12977f~1.2mp/bin/../lib/gcc/arm-none-eabi/12.2.1/thumb/v7e-m/nofp\libg.a(libc_a-atexit.o)
                0x0800c0fc                atexit
 .text._malloc_trim_r
                0x0800c108       0xb8 c:/progra~2/armgnu~1/12977f~1.2mp/bin/../lib/gcc/arm-none-eabi/12.2.1/thumb/v7e-m/nofp\libg.a(libc_a-freer.o)
                0x0800c108                _malloc_trim_r
 .text._free_r  0x0800c1c0      0x1fc c:/progra~2/armgnu~1/12977f~1.2mp/bin/../lib/gcc/arm-none-eabi/12.2.1/thumb/v7e-m/nofp\libg.a(libc_a-freer.o)
                0x0800c1c0                _free_r
 .text._vfprintf_r
                0x0800c3bc     0x1c48 c:/progra~2/armgnu~1/12977f~1.2mp/bin/../lib/gcc/arm-none-eabi/12.2.1/thumb/v7e-m/nofp\libg.a(libc_a-vfprintf.o)
                0x0800c3bc                _vfprintf_r
 .text.__sbprintf
                0x0800e004       0x80 c:/progra~2/armgnu~1/12977f~1.2mp/bin/../lib/gcc/arm-none-eabi/12.2.1/thumb/v7e-m/nofp\libg.a(libc_a-vfprintf.o)
 .text.__sprint_r.part.0
                0x0800e084       0x78 c:/progra~2/armgnu~1/12977f~1.2mp/bin/../lib/gcc/arm-none-eabi/12.2.1/thumb/v7e-m/nofp\libg.a(libc_a-vfiprintf.o)
 .text.__sprint_r
                0x0800e0fc       0x14 c:/progra~2/armgnu~1/12977f~1.2mp/bin/../lib/gcc/arm-none-eabi/12.2.1/thumb/v7e-m/nofp\libg.a(libc_a-vfiprintf.o)
                0x0800e0fc                __sprint_r
 .text._vfiprintf_r
                0x0800e110      0xfac c:/progra~2/armgnu~1/12977f~1.2mp/bin/../lib/gcc/arm-none-eabi/12.2.1/thumb/v7e-m/nofp\libg.a(libc_a-vfiprintf.o)
                0x0800e110                _vfiprintf_r
 .text.__sbprintf
                0x0800f0bc       0x80 c:/progra~2/armgnu~1/12977f~1.2mp/bin/../lib/gcc/arm-none-eabi/12.2.1/thumb/v7e-m/nofp\libg.a(libc_a-vfiprintf.o)
 .text._fclose_r
                0x0800f13c       0xc0 c:/progra~2/armgnu~1/12977f~1.2mp/bin/../lib/gcc/arm-none-eabi/12.2.1/thumb/v7e-m/nofp\libg.a(libc_a-fclose.o)
                0x0800f13c                _fclose_r
 .text.__sflush_r
                0x0800f1fc      0x128 c:/progra~2/armgnu~1/12977f~1.2mp/bin/../lib/gcc/arm-none-eabi/12.2.1/thumb/v7e-m/nofp\libg.a(libc_a-fflush.o)
                0x0800f1fc                __sflush_r
 .text._fflush_r
                0x0800f324       0x54 c:/progra~2/armgnu~1/12977f~1.2mp/bin/../lib/gcc/arm-none-eabi/12.2.1/thumb/v7e-m/nofp\libg.a(libc_a-fflush.o)
                0x0800f324                _fflush_r
 .text.fileno   0x0800f378       0x78 c:/progra~2/armgnu~1/12977f~1.2mp/bin/../lib/gcc/arm-none-eabi/12.2.1/thumb/v7e-m/nofp\libg.a(libc_a-fileno.o)
                0x0800f378                fileno
 .text.__sfvwrite_r
                0x0800f3f0      0x2f8 c:/progra~2/armgnu~1/12977f~1.2mp/bin/../lib/gcc/arm-none-eabi/12.2.1/thumb/v7e-m/nofp\libg.a(libc_a-fvwrite.o)
                0x0800f3f0                __sfvwrite_r
 .text.__swsetup_r
                0x0800f6e8       0xc0 c:/progra~2/armgnu~1/12977f~1.2mp/bin/../lib/gcc/arm-none-eabi/12.2.1/thumb/v7e-m/nofp\libg.a(libc_a-wsetup.o)
                0x0800f6e8                __swsetup_r
 .text.__fputwc
                0x0800f7a8       0x7c c:/progra~2/armgnu~1/12977f~1.2mp/bin/../lib/gcc/arm-none-eabi/12.2.1/thumb/v7e-m/nofp\libg.a(libc_a-fputwc.o)
                0x0800f7a8                __fputwc
 .text._fputwc_r
                0x0800f824       0x60 c:/progra~2/armgnu~1/12977f~1.2mp/bin/../lib/gcc/arm-none-eabi/12.2.1/thumb/v7e-m/nofp\libg.a(libc_a-fputwc.o)
                0x0800f824                _fputwc_r
 .text.memmove  0x0800f884      0x100 c:/progra~2/armgnu~1/12977f~1.2mp/bin/../lib/gcc/arm-none-eabi/12.2.1/thumb/v7e-m/nofp\libg.a(libc_a-memmove.o)
                0x0800f884                memmove
 .text.strncpy  0x0800f984       0x68 c:/progra~2/armgnu~1/12977f~1.2mp/bin/../lib/gcc/arm-none-eabi/12.2.1/thumb/v7e-m/nofp\libg.a(libc_a-strncpy.o)
                0x0800f984                strncpy
 .text.__locale_mb_cur_max
                0x0800f9ec        0xc c:/progra~2/armgnu~1/12977f~1.2mp/bin/../lib/gcc/arm-none-eabi/12.2.1/thumb/v7e-m/nofp\libg.a(libc_a-locale.o)
                0x0800f9ec                __locale_mb_cur_max
 .text._localeconv_r
                0x0800f9f8        0x8 c:/progra~2/armgnu~1/12977f~1.2mp/bin/../lib/gcc/arm-none-eabi/12.2.1/thumb/v7e-m/nofp\libg.a(libc_a-localeconv.o)
                0x0800f9f8                _localeconv_r
 .text.__libc_fini_array
                0x0800fa00       0x28 c:/progra~2/armgnu~1/12977f~1.2mp/bin/../lib/gcc/arm-none-eabi/12.2.1/thumb/v7e-m/nofp\libg.a(libc_a-fini.o)
                0x0800fa00                __libc_fini_array
 .text.frexp    0x0800fa28       0x70 c:/progra~2/armgnu~1/12977f~1.2mp/bin/../lib/gcc/arm-none-eabi/12.2.1/thumb/v7e-m/nofp\libg.a(libm_a-s_frexp.o)
                0x0800fa28                frexp
 .text.__register_exitproc
                0x0800fa98       0x80 c:/progra~2/armgnu~1/12977f~1.2mp/bin/../lib/gcc/arm-none-eabi/12.2.1/thumb/v7e-m/nofp\libg.a(libc_a-__atexit.o)
                0x0800fa98                __register_exitproc
 .text.quorem   0x0800fb18      0x12c c:/progra~2/armgnu~1/12977f~1.2mp/bin/../lib/gcc/arm-none-eabi/12.2.1/thumb/v7e-m/nofp\libg.a(libc_a-dtoa.o)
 *fill*         0x0800fc44        0x4 
 .text._dtoa_r  0x0800fc48      0xe48 c:/progra~2/armgnu~1/12977f~1.2mp/bin/../lib/gcc/arm-none-eabi/12.2.1/thumb/v7e-m/nofp\libg.a(libc_a-dtoa.o)
                0x0800fc48                _dtoa_r
 .text.__ascii_mbtowc
                0x08010a90       0x2c c:/progra~2/armgnu~1/12977f~1.2mp/bin/../lib/gcc/arm-none-eabi/12.2.1/thumb/v7e-m/nofp\libg.a(libc_a-mbtowc_r.o)
                0x08010a90                __ascii_mbtowc
 .text._Balloc  0x08010abc       0x4c c:/progra~2/armgnu~1/12977f~1.2mp/bin/../lib/gcc/arm-none-eabi/12.2.1/thumb/v7e-m/nofp\libg.a(libc_a-mprec.o)
                0x08010abc                _Balloc
 .text._Bfree   0x08010b08       0x14 c:/progra~2/armgnu~1/12977f~1.2mp/bin/../lib/gcc/arm-none-eabi/12.2.1/thumb/v7e-m/nofp\libg.a(libc_a-mprec.o)
                0x08010b08                _Bfree
 .text.__multadd
                0x08010b1c       0xa0 c:/progra~2/armgnu~1/12977f~1.2mp/bin/../lib/gcc/arm-none-eabi/12.2.1/thumb/v7e-m/nofp\libg.a(libc_a-mprec.o)
                0x08010b1c                __multadd
 .text.__hi0bits
                0x08010bbc       0x44 c:/progra~2/armgnu~1/12977f~1.2mp/bin/../lib/gcc/arm-none-eabi/12.2.1/thumb/v7e-m/nofp\libg.a(libc_a-mprec.o)
                0x08010bbc                __hi0bits
 .text.__lo0bits
                0x08010c00       0x60 c:/progra~2/armgnu~1/12977f~1.2mp/bin/../lib/gcc/arm-none-eabi/12.2.1/thumb/v7e-m/nofp\libg.a(libc_a-mprec.o)
                0x08010c00                __lo0bits
 .text.__i2b    0x08010c60       0x5c c:/progra~2/armgnu~1/12977f~1.2mp/bin/../lib/gcc/arm-none-eabi/12.2.1/thumb/v7e-m/nofp\libg.a(libc_a-mprec.o)
                0x08010c60                __i2b
 .text.__multiply
                0x08010cbc      0x16c c:/progra~2/armgnu~1/12977f~1.2mp/bin/../lib/gcc/arm-none-eabi/12.2.1/thumb/v7e-m/nofp\libg.a(libc_a-mprec.o)
                0x08010cbc                __multiply
 .text.__pow5mult
                0x08010e28       0xb4 c:/progra~2/armgnu~1/12977f~1.2mp/bin/../lib/gcc/arm-none-eabi/12.2.1/thumb/v7e-m/nofp\libg.a(libc_a-mprec.o)
                0x08010e28                __pow5mult
 .text.__lshift
                0x08010edc       0xf0 c:/progra~2/armgnu~1/12977f~1.2mp/bin/../lib/gcc/arm-none-eabi/12.2.1/thumb/v7e-m/nofp\libg.a(libc_a-mprec.o)
                0x08010edc                __lshift
 .text.__mcmp   0x08010fcc       0x40 c:/progra~2/armgnu~1/12977f~1.2mp/bin/../lib/gcc/arm-none-eabi/12.2.1/thumb/v7e-m/nofp\libg.a(libc_a-mprec.o)
                0x08010fcc                __mcmp
 .text.__mdiff  0x0801100c      0x164 c:/progra~2/armgnu~1/12977f~1.2mp/bin/../lib/gcc/arm-none-eabi/12.2.1/thumb/v7e-m/nofp\libg.a(libc_a-mprec.o)
                0x0801100c                __mdiff
 .text.__d2b    0x08011170       0xbc c:/progra~2/armgnu~1/12977f~1.2mp/bin/../lib/gcc/arm-none-eabi/12.2.1/thumb/v7e-m/nofp\libg.a(libc_a-mprec.o)
                0x08011170                __d2b
 .text._realloc_r
                0x0801122c      0x344 c:/progra~2/armgnu~1/12977f~1.2mp/bin/../lib/gcc/arm-none-eabi/12.2.1/thumb/v7e-m/nofp\libg.a(libc_a-reallocr.o)
                0x0801122c                _realloc_r
 .text.__ascii_wctomb
                0x08011570       0x1c c:/progra~2/armgnu~1/12977f~1.2mp/bin/../lib/gcc/arm-none-eabi/12.2.1/thumb/v7e-m/nofp\libg.a(libc_a-wctomb_r.o)
                0x08011570                __ascii_wctomb
 .text._wcrtomb_r
                0x0801158c       0x4c c:/progra~2/armgnu~1/12977f~1.2mp/bin/../lib/gcc/arm-none-eabi/12.2.1/thumb/v7e-m/nofp\libg.a(libc_a-wcrtomb.o)
                0x0801158c                _wcrtomb_r
 .text._wcsrtombs_r
                0x080115d8       0x1c c:/progra~2/armgnu~1/12977f~1.2mp/bin/../lib/gcc/arm-none-eabi/12.2.1/thumb/v7e-m/nofp\libg.a(libc_a-wcsrtombs.o)
                0x080115d8                _wcsrtombs_r
 .text.__smakebuf_r
                0x080115f4       0xdc c:/progra~2/armgnu~1/12977f~1.2mp/bin/../lib/gcc/arm-none-eabi/12.2.1/thumb/v7e-m/nofp\libg.a(libc_a-makebuf.o)
                0x080115f4                __smakebuf_r
 .text.__swbuf_r
                0x080116d0       0xac c:/progra~2/armgnu~1/12977f~1.2mp/bin/../lib/gcc/arm-none-eabi/12.2.1/thumb/v7e-m/nofp\libg.a(libc_a-wbuf.o)
                0x080116d0                __swbuf_r
 .text._fstat_r
                0x0801177c       0x2c c:/progra~2/armgnu~1/12977f~1.2mp/bin/../lib/gcc/arm-none-eabi/12.2.1/thumb/v7e-m/nofp\libg.a(libc_a-fstatr.o)
                0x0801177c                _fstat_r
 .text._isatty_r
                0x080117a8       0x24 c:/progra~2/armgnu~1/12977f~1.2mp/bin/../lib/gcc/arm-none-eabi/12.2.1/thumb/v7e-m/nofp\libg.a(libc_a-isattyr.o)
                0x080117a8                _isatty_r
 .text.__assert_func
                0x080117cc       0x40 c:/progra~2/armgnu~1/12977f~1.2mp/bin/../lib/gcc/arm-none-eabi/12.2.1/thumb/v7e-m/nofp\libg.a(libc_a-assert.o)
                0x080117cc                __assert_func
 .text._calloc_r
                0x0801180c       0x6c c:/progra~2/armgnu~1/12977f~1.2mp/bin/../lib/gcc/arm-none-eabi/12.2.1/thumb/v7e-m/nofp\libg.a(libc_a-callocr.o)
                0x0801180c                _calloc_r
 .text._wcsnrtombs_l
                0x08011878       0xec c:/progra~2/armgnu~1/12977f~1.2mp/bin/../lib/gcc/arm-none-eabi/12.2.1/thumb/v7e-m/nofp\libg.a(libc_a-wcsnrtombs.o)
                0x08011878                _wcsnrtombs_l
 .text._wcsnrtombs_r
                0x08011964       0x24 c:/progra~2/armgnu~1/12977f~1.2mp/bin/../lib/gcc/arm-none-eabi/12.2.1/thumb/v7e-m/nofp\libg.a(libc_a-wcsnrtombs.o)
                0x08011964                _wcsnrtombs_r
 .text.fiprintf
                0x08011988       0x28 c:/progra~2/armgnu~1/12977f~1.2mp/bin/../lib/gcc/arm-none-eabi/12.2.1/thumb/v7e-m/nofp\libg.a(libc_a-fiprintf.o)
                0x08011988                fiprintf
 .text.abort    0x080119b0       0x10 c:/progra~2/armgnu~1/12977f~1.2mp/bin/../lib/gcc/arm-none-eabi/12.2.1/thumb/v7e-m/nofp\libg.a(libc_a-abort.o)
                0x080119b0                abort
 .text.raise    0x080119c0       0x58 c:/progra~2/armgnu~1/12977f~1.2mp/bin/../lib/gcc/arm-none-eabi/12.2.1/thumb/v7e-m/nofp\libg.a(libc_a-signal.o)
                0x080119c0                raise
 .text._kill_r  0x08011a18       0x2c c:/progra~2/armgnu~1/12977f~1.2mp/bin/../lib/gcc/arm-none-eabi/12.2.1/thumb/v7e-m/nofp\libg.a(libc_a-signalr.o)
                0x08011a18                _kill_r
 .text._getpid_r
                0x08011a44        0x4 c:/progra~2/armgnu~1/12977f~1.2mp/bin/../lib/gcc/arm-none-eabi/12.2.1/thumb/v7e-m/nofp\libg.a(libc_a-signalr.o)
                0x08011a44                _getpid_r
 *(.glue_7)
 .glue_7        0x08011a48        0x0 linker stubs
 *(.glue_7t)
 .glue_7t       0x08011a48        0x0 linker stubs
 *(.eh_frame)
 .eh_frame      0x08011a48        0x0 c:/progra~2/armgnu~1/12977f~1.2mp/bin/../lib/gcc/arm-none-eabi/12.2.1/thumb/v7e-m/nofp/crtbegin.o
 *(.init)
 .init          0x08011a48        0x4 c:/progra~2/armgnu~1/12977f~1.2mp/bin/../lib/gcc/arm-none-eabi/12.2.1/thumb/v7e-m/nofp/crti.o
                0x08011a48                _init
 .init          0x08011a4c        0x8 c:/progra~2/armgnu~1/12977f~1.2mp/bin/../lib/gcc/arm-none-eabi/12.2.1/thumb/v7e-m/nofp/crtn.o
 *(.fini)
 .fini          0x08011a54        0x4 c:/progra~2/armgnu~1/12977f~1.2mp/bin/../lib/gcc/arm-none-eabi/12.2.1/thumb/v7e-m/nofp/crti.o
                0x08011a54                _fini
 .fini          0x08011a58        0x8 c:/progra~2/armgnu~1/12977f~1.2mp/bin/../lib/gcc/arm-none-eabi/12.2.1/thumb/v7e-m/nofp/crtn.o
                0x08011a60                        . = ALIGN (0x4)
                0x08011a60                        _etext = .

.vfp11_veneer   0x08011a60        0x0
 .vfp11_veneer  0x08011a60        0x0 linker stubs

.v4_bx          0x08011a60        0x0
 .v4_bx         0x08011a60        0x0 linker stubs

.iplt           0x08011a60        0x0
 .iplt          0x08011a60        0x0 c:/progra~2/armgnu~1/12977f~1.2mp/bin/../lib/gcc/arm-none-eabi/12.2.1/thumb/v7e-m/nofp/crtbegin.o

.rodata         0x08011a60    0x616ec
                0x08011a60                        . = ALIGN (0x4)
 *(.rodata)
 .rodata        0x08011a60        0x7 CMakeFiles/TankWar.elf.dir/Core/Src/Touch.c.obj
 *(.rodata*)
 *fill*         0x08011a67        0x1 
 .rodata.Touch.str1.4
                0x08011a68        0xd CMakeFiles/TankWar.elf.dir/Core/Src/Touch.c.obj
 *fill*         0x08011a75        0x3 
 .rodata.BulletBound.str1.4
                0x08011a78       0x36 CMakeFiles/TankWar.elf.dir/Core/Src/bullet.c.obj
 *fill*         0x08011aae        0x2 
 .rodata.bulletMove_clear.str1.4
                0x08011ab0       0x17 CMakeFiles/TankWar.elf.dir/Core/Src/bullet.c.obj
 *fill*         0x08011ac7        0x1 
 .rodata.gImage_bullet
                0x08011ac8       0x62 CMakeFiles/TankWar.elf.dir/Core/Src/bullet.c.obj
                0x08011ac8                gImage_bullet
 *fill*         0x08011b2a        0x2 
 .rodata.AddPoint_target
                0x08011b2c       0x50 CMakeFiles/TankWar.elf.dir/Core/Src/crash.c.obj
                0x08011b2c                AddPoint_target
 .rodata.AddPoint_342
                0x08011b7c       0x74 CMakeFiles/TankWar.elf.dir/Core/Src/crash.c.obj
                0x08011b7c                AddPoint_342
 .rodata.AddPoint_324
                0x08011bf0       0x74 CMakeFiles/TankWar.elf.dir/Core/Src/crash.c.obj
                0x08011bf0                AddPoint_324
 .rodata.AddPoint_306
                0x08011c64       0x6c CMakeFiles/TankWar.elf.dir/Core/Src/crash.c.obj
                0x08011c64                AddPoint_306
 .rodata.AddPoint_288
                0x08011cd0       0x78 CMakeFiles/TankWar.elf.dir/Core/Src/crash.c.obj
                0x08011cd0                AddPoint_288
 .rodata.AddPoint_270
                0x08011d48      0x168 CMakeFiles/TankWar.elf.dir/Core/Src/crash.c.obj
                0x08011d48                AddPoint_270
 .rodata.AddPoint_252
                0x08011eb0       0x74 CMakeFiles/TankWar.elf.dir/Core/Src/crash.c.obj
                0x08011eb0                AddPoint_252
 .rodata.AddPoint_234
                0x08011f24       0x74 CMakeFiles/TankWar.elf.dir/Core/Src/crash.c.obj
                0x08011f24                AddPoint_234
 .rodata.AddPoint_216
                0x08011f98       0x6c CMakeFiles/TankWar.elf.dir/Core/Src/crash.c.obj
                0x08011f98                AddPoint_216
 .rodata.AddPoint_198
                0x08012004       0x78 CMakeFiles/TankWar.elf.dir/Core/Src/crash.c.obj
                0x08012004                AddPoint_198
 .rodata.AddPoint_180
                0x0801207c      0x168 CMakeFiles/TankWar.elf.dir/Core/Src/crash.c.obj
                0x0801207c                AddPoint_180
 .rodata.AddPoint_162
                0x080121e4       0x74 CMakeFiles/TankWar.elf.dir/Core/Src/crash.c.obj
                0x080121e4                AddPoint_162
 .rodata.AddPoint_144
                0x08012258       0x74 CMakeFiles/TankWar.elf.dir/Core/Src/crash.c.obj
                0x08012258                AddPoint_144
 .rodata.AddPoint_126
                0x080122cc       0x6c CMakeFiles/TankWar.elf.dir/Core/Src/crash.c.obj
                0x080122cc                AddPoint_126
 .rodata.AddPoint_108
                0x08012338       0x78 CMakeFiles/TankWar.elf.dir/Core/Src/crash.c.obj
                0x08012338                AddPoint_108
 .rodata.AddPoint_90
                0x080123b0      0x168 CMakeFiles/TankWar.elf.dir/Core/Src/crash.c.obj
                0x080123b0                AddPoint_90
 .rodata.AddPoint_72
                0x08012518       0x74 CMakeFiles/TankWar.elf.dir/Core/Src/crash.c.obj
                0x08012518                AddPoint_72
 .rodata.AddPoint_54
                0x0801258c       0x74 CMakeFiles/TankWar.elf.dir/Core/Src/crash.c.obj
                0x0801258c                AddPoint_54
 .rodata.AddPoint_36
                0x08012600       0x6c CMakeFiles/TankWar.elf.dir/Core/Src/crash.c.obj
                0x08012600                AddPoint_36
 .rodata.AddPoint_18
                0x0801266c       0x78 CMakeFiles/TankWar.elf.dir/Core/Src/crash.c.obj
                0x0801266c                AddPoint_18
 .rodata.AddPoint_0
                0x080126e4      0x168 CMakeFiles/TankWar.elf.dir/Core/Src/crash.c.obj
                0x080126e4                AddPoint_0
 .rodata.crashTest_laserIcon
                0x0801284c        0x8 CMakeFiles/TankWar.elf.dir/Core/Src/crash.c.obj
                0x0801284c                crashTest_laserIcon
 .rodata.crashTest_target
                0x08012854        0x8 CMakeFiles/TankWar.elf.dir/Core/Src/crash.c.obj
                0x08012854                crashTest_target
 .rodata.crashTest_bullet
                0x0801285c       0xa0 CMakeFiles/TankWar.elf.dir/Core/Src/crash.c.obj
                0x0801285c                crashTest_bullet
 .rodata.directionAdd.0
                0x080128fc       0x1e CMakeFiles/TankWar.elf.dir/Core/Src/global.c.obj
 *fill*         0x0801291a        0x2 
 .rodata.gImage_green0
                0x0801291c      0x7b8 CMakeFiles/TankWar.elf.dir/Core/Src/greenTankArray/green0.c.obj
                0x0801291c                gImage_green0
 .rodata.gImage_green108
                0x080130d4      0xa00 CMakeFiles/TankWar.elf.dir/Core/Src/greenTankArray/green108.c.obj
                0x080130d4                gImage_green108
 .rodata.gImage_green126
                0x08013ad4      0xbe0 CMakeFiles/TankWar.elf.dir/Core/Src/greenTankArray/green126.c.obj
                0x08013ad4                gImage_green126
 .rodata.gImage_green144
                0x080146b4      0xbe0 CMakeFiles/TankWar.elf.dir/Core/Src/greenTankArray/green144.c.obj
                0x080146b4                gImage_green144
 .rodata.gImage_green162
                0x08015294      0xa00 CMakeFiles/TankWar.elf.dir/Core/Src/greenTankArray/green162.c.obj
                0x08015294                gImage_green162
 .rodata.gImage_green18
                0x08015c94      0xa00 CMakeFiles/TankWar.elf.dir/Core/Src/greenTankArray/green18.c.obj
                0x08015c94                gImage_green18
 .rodata.gImage_green180
                0x08016694      0x7b8 CMakeFiles/TankWar.elf.dir/Core/Src/greenTankArray/green180.c.obj
                0x08016694                gImage_green180
 .rodata.gImage_green198
                0x08016e4c      0xa00 CMakeFiles/TankWar.elf.dir/Core/Src/greenTankArray/green198.c.obj
                0x08016e4c                gImage_green198
 .rodata.gImage_green216
                0x0801784c      0xbe0 CMakeFiles/TankWar.elf.dir/Core/Src/greenTankArray/green216.c.obj
                0x0801784c                gImage_green216
 .rodata.gImage_green234
                0x0801842c      0xbe0 CMakeFiles/TankWar.elf.dir/Core/Src/greenTankArray/green234.c.obj
                0x0801842c                gImage_green234
 .rodata.gImage_green252
                0x0801900c      0xa00 CMakeFiles/TankWar.elf.dir/Core/Src/greenTankArray/green252.c.obj
                0x0801900c                gImage_green252
 .rodata.gImage_green270
                0x08019a0c      0x7b8 CMakeFiles/TankWar.elf.dir/Core/Src/greenTankArray/green270.c.obj